#
# A fatal error has been detected by the Java Runtime Environment:
#
#  EXCEPTION_ACCESS_VIOLATION (0xc0000005) at pc=0x00007ff94e73c0a1, pid=21660, tid=21956
#
# JRE version: OpenJDK Runtime Environment Temurin-25.0.2+10 (25.0.2+10) (build 25.0.2+10-LTS)
# Java VM: OpenJDK 64-Bit Server VM Temurin-25.0.2+10 (25.0.2+10-LTS, mixed mode, sharing, tiered, compressed oops, compressed class ptrs, g1 gc, windows-amd64)
# Problematic frame:
# C  [awt.dll+0xdc0a1]
#
# No core dump will be written. Minidumps are not enabled by default on client versions of Windows
#
# If you would like to submit a bug report, please visit:
#   https://github.com/adoptium/adoptium-support/issues
# The crash happened outside the Java Virtual Machine in native code.
# See problematic frame for where to report the bug.
#

---------------  S U M M A R Y ------------

Command Line: -Dstdout.encoding=UTF-8 -Dstderr.encoding=UTF-8 SmartParkGUI

Host: 12th Gen Intel(R) Core(TM) i5-12450H, 12 cores, 15G,  Windows 11 , 64 bit Build 26100 (10.0.26100.7705)
Time: Tue Feb 24 14:55:36 2026 India Standard Time elapsed time: 588.452127 seconds (0d 0h 9m 48s)

---------------  T H R E A D  ---------------

Current thread (0x0000019ddf6717e0):  JavaThread "AWT-Windows" daemon [_thread_in_native, id=21956, stack(0x00000080c6800000,0x00000080c6900000) (1024K)]

Stack: [0x00000080c6800000,0x00000080c6900000],  sp=0x00000080c68fe7c0,  free space=1017k
Native frames: (J=compiled Java code, j=interpreted, Vv=VM code, C=native code)
C  [awt.dll+0xdc0a1]  (no source info available)
C  [awt.dll+0x97c2c]  (no source info available)
C  [awt.dll+0x97cd6]  (no source info available)
C  [awt.dll+0x9507a]  (no source info available)
C  [awt.dll+0xe058c]  (no source info available)
C  [awt.dll+0xb130d]  (no source info available)
C  [awt.dll+0x981fd]  (no source info available)
C  [USER32.dll+0x16b46]  (no source info available)
C  [USER32.dll+0x1660c]  (no source info available)
C  [awt.dll+0x16543]  (no source info available)
C  [COMCTL32.dll+0x2cec8]  (no source info available)
C  [COMCTL32.dll+0x2cc9f]  (no source info available)
C  [USER32.dll+0x16b46]  (no source info available)
C  [USER32.dll+0x1459d]  (no source info available)
C  [awt.dll+0xd577e]  (no source info available)
C  [awt.dll+0xd7572]  (no source info available)
C  0x0000019dcf72d193  (no source info available)

The last pc belongs to native method entry point (kind = native) (printed below).
Java frames: (J=compiled Java code, j=interpreted, Vv=VM code)
j  sun.awt.windows.WToolkit.eventLoop()V+0 java.desktop@25.0.2
j  sun.awt.windows.WToolkit.run()V+56 java.desktop@25.0.2
j  java.lang.Thread.runWith(Ljava/lang/Object;Ljava/lang/Runnable;)V+5 java.base@25.0.2
j  java.lang.Thread.run()V+19 java.base@25.0.2
v  ~StubRoutines::call_stub 0x0000019dcf7212ed

siginfo: EXCEPTION_ACCESS_VIOLATION (0xc0000005), reading address 0x0000000000000008


Registers:
RAX=0x0000000000000000, RBX=0x0000019ddff01cf0, RCX=0x0000000000000000, RDX=0x0000000000000000
RSP=0x00000080c68fe7c0, RBP=0x00000080c68fe8d9, RSI=0x0000000000010ffc, RDI=0x0000000000000000
R8 =0x0000000000000001, R9 =0x00000080c4e00000, R10=0x0000000000000000, R11=0x0000000000000246
R12=0x0000000000000000, R13=0x0000000000000001, R14=0x0000019ddfcdcd40, R15=0x0000000000000000
RIP=0x00007ff94e73c0a1, EFLAGS=0x0000000000010246

XMM[0]=0x0000000000000000 0x0000000000000000
XMM[1]=0x0000000000000000 0x0000000000000000
XMM[2]=0x0000000000000000 0x0000000000000000
XMM[3]=0x0000000000000000 0x0000000000000000
XMM[4]=0x0000000000000000 0x0000000000000000
XMM[5]=0x0000000000000000 0x0000000000000000
XMM[6]=0x0000000000000000 0x0000000000000000
XMM[7]=0x0000000000000000 0x0000000000000000
XMM[8]=0x0000000000000000 0x0000000000000000
XMM[9]=0x0000000000000000 0x0000000000000000
XMM[10]=0x0000000000000000 0x0000000000000000
XMM[11]=0x0000000000000000 0x0000000000000000
XMM[12]=0x0000000000000000 0x0000000000000000
XMM[13]=0x0000000000000000 0x0000000000000000
XMM[14]=0x0000000000000000 0x0000000000000000
XMM[15]=0x0000000000000000 0x0000000000000000
  MXCSR=0x00001fa0


Register to memory mapping:

RAX=0x0 is null
RBX=0x0000019ddff01cf0 points into unknown readable memory: 0x0000019ddfe1a540 | 40 a5 e1 df 9d 01 00 00
RCX=0x0 is null
RDX=0x0 is null
RSP=0x00000080c68fe7c0 is pointing into the stack for thread: 0x0000019ddf6717e0
RBP=0x00000080c68fe8d9 is pointing into the stack for thread: 0x0000019ddf6717e0
RSI=0x0000000000010ffc is an unknown value
RDI=0x0 is null
R8 =0x0000000000000001 is an unknown value
R9 =0x00000080c4e00000 points into unknown readable memory: 0x0000000000000000 | 00 00 00 00 00 00 00 00
R10=0x0 is null
R11=0x0000000000000246 is an unknown value
R12=0x0 is null
R13=0x0000000000000001 is an unknown value
R14=0x0000019ddfcdcd40 points into unknown readable memory: 0x00007ff94e76b930 | 30 b9 76 4e f9 7f 00 00
R15=0x0 is null

Top of Stack: (sp=0x00000080c68fe7c0)
0x00000080c68fe7c0:   00007ff94e799838 0000000000010ffc   8.yN............
0x00000080c68fe7d0:   0000019ddfcdcd40 0000019ddf671c28   @.......(.g.....
0x00000080c68fe7e0:   0000000000000000 00007ff94e6f7c2c   ........,|oN....
0x00000080c68fe7f0:   0000000000010ffc 0000019ddfcdcd40   ........@.......
0x00000080c68fe800:   0000019ddff01cf0 00007ff94e676543   ........CegN....
0x00000080c68fe810:   0000019ddf671c28 00007ff94e6f7cd6   (.g......|oN....
0x00000080c68fe820:   0000019ddfcdcde0 0000000000000001   ................
0x00000080c68fe830:   0000000000000000 00000080c68fea30   ........0.......
0x00000080c68fe840:   0000019ddf671c28 00007ff94e6f507a   (.g.....zPoN....
0x00000080c68fe850:   0000019ddfcdcde0 00000080c68fe934   ........4.......
0x00000080c68fe860:   0000000000000000 0000000000000000   ................
0x00000080c68fe870:   00007ff94e6f81a0 00007ff98b71a3ee   ..oN......q.....
0x00000080c68fe880:   0000019ddf01f600 00007ff98989fcf9   ................
0x00000080c68fe890:   0000008000000310 0000000000000000   ................
0x00000080c68fe8a0:   00000080c68fe934 0000000000000000   4...............
0x00000080c68fe8b0:   0000000000000000 0000000000000000   ................
0x00000080c68fe8c0:   0000019ddfcdcde0 0000019ddf671c28   ........(.g.....
0x00000080c68fe8d0:   0000000000000000 0000000000000000   ................
0x00000080c68fe8e0:   0000d81fb1fc22b9 0000000000000000   ."..............
0x00000080c68fe8f0:   0000000000000000 0000000000000000   ................
0x00000080c68fe900:   0000000000000000 0000000000000000   ................
0x00000080c68fe910:   0000000000000000 0000000000000310   ................
0x00000080c68fe920:   0000000000000000 0000019ddfcdcd40   ........@.......
0x00000080c68fe930:   0000019ddfcdcd40 00007ff94e74058c   @.........tN....
0x00000080c68fe940:   0000000000000000 00003281d7790744   ........D.y..2..
0x00000080c68fe950:   00008ef316d69fee 0000000000000022   ........".......
0x00000080c68fe960:   000000000000c0af 0000000000000000   ................
0x00000080c68fe970:   0000000000000000 00007ff989876d19   .........m......
0x00000080c68fe980:   0000000000000000 0000000000000001   ................
0x00000080c68fe990:   0000000000000022 00007ff98b70a6af   ".........p.....
0x00000080c68fe9a0:   0000000000050302 00007ff98987802a   ........*.......
0x00000080c68fe9b0:   ffffffffffffffeb 0000d81fb1fc23a9   .........#......

Instructions: (pc=0x00007ff94e73c0a1)
  0x00007ff94e73bfa1:   83 ec 28 66 0f 6e c2 0f 5b c0 f3 0f 59 41 48 0f
  0x00007ff94e73bfb1:   5a c8 f2 0f 10 05 7d 3c 03 00 f2 0f 5c 0d 85 3c
  0x00007ff94e73bfc1:   01 00 66 0f 2f c1 76 0a b8 00 00 00 80 48 83 c4
  0x00007ff94e73bfd1:   28 c3 66 0f 2f 0d f5 85 02 00 76 0a b8 ff ff ff
  0x00007ff94e73bfe1:   7f 48 83 c4 28 c3 0f 28 c1 e8 9b ff 00 00 f2 0f
  0x00007ff94e73bff1:   2c c0 48 83 c4 28 c3 cc cc cc cc cc cc cc cc 48
  0x00007ff94e73c001:   83 ec 28 66 0f 6e c2 0f 5b c0 f3 0f 59 41 4c 0f
  0x00007ff94e73c011:   5a c8 f2 0f 10 05 1d 3c 03 00 f2 0f 5c 0d 25 3c
  0x00007ff94e73c021:   01 00 66 0f 2f c1 76 0a b8 00 00 00 80 48 83 c4
  0x00007ff94e73c031:   28 c3 66 0f 2f 0d 95 85 02 00 76 0a b8 ff ff ff
  0x00007ff94e73c041:   7f 48 83 c4 28 c3 0f 28 c1 e8 3b ff 00 00 f2 0f
  0x00007ff94e73c051:   2c c0 48 83 c4 28 c3 cc cc cc cc cc cc cc cc 48
  0x00007ff94e73c061:   8b 49 08 48 85 c9 0f 85 43 82 fe ff 33 c0 c3 48
  0x00007ff94e73c071:   89 5c 24 08 48 89 74 24 10 57 48 83 ec 20 8b fa
  0x00007ff94e73c081:   48 8b f1 e8 97 c1 f4 ff 48 8b d8 48 89 44 24 40
  0x00007ff94e73c091:   41 b8 01 00 00 00 8b d7 48 8b c8 e8 ef c0 f4 ff
=>0x00007ff94e73c0a1:   48 8b 48 08 48 85 c9 74 0d 48 8b d6 e8 fe 81 fe
  0x00007ff94e73c0b1:   ff 48 8b f8 eb 02 33 ff 48 8b cb e8 1f c3 f4 ff
  0x00007ff94e73c0c1:   90 48 8b c7 48 8b 5c 24 30 48 8b 74 24 38 48 83
  0x00007ff94e73c0d1:   c4 20 5f c3 cc cc cc cc cc cc cc cc cc cc cc 48
  0x00007ff94e73c0e1:   8b 01 89 10 c3 cc cc cc cc cc cc cc cc cc cc 40
  0x00007ff94e73c0f1:   57 48 83 ec 40 48 83 79 38 00 48 8b f9 0f 84 98
  0x00007ff94e73c101:   01 00 00 48 8b 0d d5 9d 06 00 ba 02 00 01 00 48
  0x00007ff94e73c111:   89 5c 24 58 48 89 74 24 68 e8 00 c7 00 00 4c 8b
  0x00007ff94e73c121:   05 62 a3 06 00 48 8b c8 48 8b 57 38 48 8b d8 4c
  0x00007ff94e73c131:   8b 08 41 ff 91 f8 02 00 00 48 8b f0 48 85 c0 0f
  0x00007ff94e73c141:   84 4c 01 00 00 4c 8b 0b 48 8b d0 4c 8b 05 25 a3
  0x00007ff94e73c151:   06 00 48 8b cb 41 ff 91 00 01 00 00 84 c0 0f 84
  0x00007ff94e73c161:   2d 01 00 00 48 8b 7f 08 48 8b d6 48 8b 03 48 8b
  0x00007ff94e73c171:   cb 4c 8b 05 17 a3 06 00 48 81 c7 00 04 00 00 48
  0x00007ff94e73c181:   89 6c 24 60 4c 89 7c 24 20 ff 90 f8 02 00 00 4c
  0x00007ff94e73c191:   8b 0b 48 8b d6 4c 8b 05 fb a2 06 00 48 8b cb 4c


Stack slot to memory mapping:

stack at sp + 0 slots: 0x00007ff94e799838 awt.dll
stack at sp + 1 slots: 0x0000000000010ffc is an unknown value
stack at sp + 2 slots: 0x0000019ddfcdcd40 points into unknown readable memory: 0x00007ff94e76b930 | 30 b9 76 4e f9 7f 00 00
stack at sp + 3 slots: 0x0000019ddf671c28 points into unknown readable memory: 0x00007ff9242dddc0 | c0 dd 2d 24 f9 7f 00 00
stack at sp + 4 slots: 0x0 is null
stack at sp + 5 slots: 0x00007ff94e6f7c2c awt.dll
stack at sp + 6 slots: 0x0000000000010ffc is an unknown value
stack at sp + 7 slots: 0x0000019ddfcdcd40 points into unknown readable memory: 0x00007ff94e76b930 | 30 b9 76 4e f9 7f 00 00

Lock stack of current Java thread (top to bottom):

native method entry point (kind = native)  [0x0000019dcf72cdc0, 0x0000019dcf72d8b8]  2808 bytes
[MachCode]
  0x0000019dcf72cdc0: 488b 4b08 | 0fb7 492e | 584c 8d74 | ccf8 6800 | 0000 0068 | 0000 0000 | 5055 488b | ec41 5548 
  0x0000019dcf72cde0: 8b43 084c | 8d68 3848 | 8b40 0868 | 0000 0000 | 5348 8b50 | 1848 8b52 | 7048 8b12 | 5248 8b53 
  0x0000019dcf72ce00: 1048 85d2 | 7407 4881 | c2d0 0000 | 0052 488b | 5010 5249 | 8bc6 482b | c548 c1e8 | 0350 6800 
  0x0000019dcf72ce20: 0000 0068 | f7ff ffff | 41c6 87f1 | 0400 0001 | 488b 4310 | 4885 c074 | 208b 8890 | 0000 0083 
  0x0000019dcf72ce40: c102 8988 | 9000 0000 | 2388 a400 | 0000 0f84 | b209 0000 | e9cf 0000 | 0048 8b43 | 1848 85c0 
  0x0000019dcf72ce60: 0f85 b000 | 0000 e805 | 0000 00e9 | 9900 0000 | 488b d348 | 8d44 2408 | 4c89 6dc0 | 498b cfc5 
  0x0000019dcf72ce80: f877 4989 | af38 0400 | 0049 8987 | 2804 0000 | 4883 ec20 | 40f6 c40f | 0f84 1900 | 0000 4883 
  0x0000019dcf72cea0: ec08 48b8 | 0032 9b23 | f97f 0000 | ffd0 4883 | c408 e90c | 0000 0048 | b800 329b | 23f9 7f00 
  0x0000019dcf72cec0: 00ff d048 | 83c4 2049 | c787 2804 | 0000 0000 | 0000 49c7 | 8738 0400 | 0000 0000 | 0049 c787 
  0x0000019dcf72cee0: 3004 0000 | 0000 0000 | c5f8 7749 | 837f 0800 | 0f84 0500 | 0000 e9e5 | 42ff ff4c | 8b6d c04c 
  0x0000019dcf72cf00: 8b75 c84e | 8d74 f500 | c348 8b43 | 1848 85c0 | 0f84 1200 | 0000 8b48 | 0883 c102 | 8948 0823 
  0x0000019dcf72cf20: 482c 0f84 | de08 0000 | 493b a770 | 0500 000f | 8748 0000 | 0089 8424 | 00f0 ffff | 8984 2400 
  0x0000019dcf72cf40: e0ff ff89 | 8424 00d0 | ffff 8984 | 2400 c0ff | ff89 8424 | 00b0 ffff | 8984 2400 | a0ff ff89 
  0x0000019dcf72cf60: 8424 0090 | ffff 8984 | 2400 80ff | ff49 3ba7 | 6805 0000 | 7607 4989 | a770 0500 | 0041 c687 
  0x0000019dcf72cf80: f104 0000 | 0048 8b5d | e84c 8b5b | 0845 0fb7 | 5b2e 41c1 | e303 492b | e348 83ec | 2048 83e4 
  0x0000019dcf72cfa0: f04c 8b5b | 604d 85db | 0f85 ab00 | 0000 e805 | 0000 00e9 | 9900 0000 | 488b d348 | 8d44 2408 
  0x0000019dcf72cfc0: 4c89 6dc0 | 498b cfc5 | f877 4989 | af38 0400 | 0049 8987 | 2804 0000 | 4883 ec20 | 40f6 c40f 
  0x0000019dcf72cfe0: 0f84 1900 | 0000 4883 | ec08 48b8 | 305b 9b23 | f97f 0000 | ffd0 4883 | c408 e90c | 0000 0048 
  0x0000019dcf72d000: b830 5b9b | 23f9 7f00 | 00ff d048 | 83c4 2049 | c787 2804 | 0000 0000 | 0000 49c7 | 8738 0400 
  0x0000019dcf72d020: 0000 0000 | 0049 c787 | 3004 0000 | 0000 0000 | c5f8 7749 | 837f 0800 | 0f84 0500 | 0000 e99d 
  0x0000019dcf72d040: 41ff ff4c | 8b6d c04c | 8b75 c84e | 8d74 f500 | c348 8b5d | e84c 8b5b | 6041 ffd3 | 488b 5de8 
  0x0000019dcf72d060: 4889 4518 | 440f b75b | 2c41 f6c3 | 080f 841b | 0000 004c | 8b5b 084d | 8b5b 084d | 8b5b 184d 
  0x0000019dcf72d080: 8b5b 704d | 8b1b 4c89 | 5d10 488d | 5510 488b | 4358 49ba | 302f d623 | f97f 0000 | 493b c20f 
  0x0000019dcf72d0a0: 85ab 0000 | 00e8 0500 | 0000 e999 | 0000 0048 | 8bd3 488d | 4424 084c | 896d c049 | 8bcf c5f8 
  0x0000019dcf72d0c0: 7749 89af | 3804 0000 | 4989 8728 | 0400 0048 | 83ec 2040 | f6c4 0f0f | 8419 0000 | 0048 83ec 
  0x0000019dcf72d0e0: 0848 b830 | 5b9b 23f9 | 7f00 00ff | d048 83c4 | 08e9 0c00 | 0000 48b8 | 305b 9b23 | f97f 0000 
  0x0000019dcf72d100: ffd0 4883 | c420 49c7 | 8728 0400 | 0000 0000 | 0049 c787 | 3804 0000 | 0000 0000 | 49c7 8730 
  0x0000019dcf72d120: 0400 0000 | 0000 00c5 | f877 4983 | 7f08 000f | 8405 0000 | 00e9 a640 | ffff 4c8b | 6dc0 4c8b 
  0x0000019dcf72d140: 75c8 4e8d | 74f5 00c3 | 488b 5de8 | 488b 4358 | 498d 8f48 | 0400 004c | 8d15 d500 | 0000 4d89 
  0x0000019dcf72d160: 9730 0400 | 00c5 f877 | 4989 af38 | 0400 0049 | 89a7 2804 | 0000 41c7 | 87d4 0400 | 0004 0000 
  0x0000019dcf72d180: 0049 3ba7 | c805 0000 | 7607 4989 | a7c8 0500 | 00ff d049 | 3ba7 c805 | 0000 720b | 49c7 87c8 
  0x0000019dcf72d1a0: 0500 0000 | 0000 00c5 | f877 4883 | ec10 c5fb | 1104 2448 | 83ec 1048 | 8904 2448 | c744 2408 
  0x0000019dcf72d1c0: 0000 0000 | 41c7 87d4 | 0400 0005 | 0000 00f0 | 8344 24c0 | 0049 3b6f | 280f 870e | 0000 0041 
  0x0000019dcf72d1e0: 83bf d004 | 0000 000f | 8420 0000 | 0049 8bcf | 4c8b e448 | 83ec 2048 | 83e4 f048 | b8b0 c19c 
  0x0000019dcf72d200: 23f9 7f00 | 00ff d049 | 8be4 4d33 | e441 c787 | d404 0000 | 0800 0000 | 4d8b 97f0 | 0500 0049 
  0x0000019dcf72d220: 83fa 0074 | 3549 c787 | f005 0000 | 0000 0000 | 41ff e249 | ba60 be72 | cf9d 0100 | 0041 ffd2 
  0x0000019dcf72d240: 4883 ec10 | c5fb 1104 | 2448 83ec | 1048 8904 | 2448 c744 | 2408 0000 | 0000 49c7 | 8728 0400 
  0x0000019dcf72d260: 0000 0000 | 0049 c787 | 3804 0000 | 0000 0000 | 49c7 8730 | 0400 0000 | 0000 00c5 | f877 4d8b 
  0x0000019dcf72d280: 9fb8 0400 | 0041 c783 | 0001 0000 | 0000 0000 | 49bb 5aa7 | 72cf 9d01 | 0000 4c3b | 5d18 0f85 
  0x0000019dcf72d2a0: 5501 0000 | 488b 0424 | 4883 c410 | 4885 c00f | 842f 0100 | 00a8 030f | 8508 0000 | 0048 8b00 
  0x0000019dcf72d2c0: e91f 0100 | 00a8 010f | 8509 0000 | 0048 8b40 | fee9 0e01 | 0000 488b | 40ff 4180 | 7f48 000f 
  0x0000019dcf72d2e0: 84ff 0000 | 0048 83f8 | 000f 84f5 | 0000 004d | 8b5f 384d | 85db 0f84 | 1400 0000 | 4983 eb08 
  0x0000019dcf72d300: 4d89 5f38 | 4d03 5f40 | 4989 03e9 | d400 0000 | 4883 ec70 | 4889 0424 | 4889 4c24 | 0848 8954 
  0x0000019dcf72d320: 2410 4c89 | 4424 184c | 894c 2420 | 4c89 5424 | 284c 895c | 2430 c5fb | 1144 2440 | c5fb 114c 
  0x0000019dcf72d340: 2448 c5fb | 1154 2450 | c5fb 115c | 2458 c5fb | 1164 2460 | c5fb 116c | 2468 498b | d748 8bc8 
  0x0000019dcf72d360: 4883 ec20 | 40f6 c40f | 0f84 1900 | 0000 4883 | ec08 48b8 | d081 8f23 | f97f 0000 | ffd0 4883 
  0x0000019dcf72d380: c408 e90c | 0000 0048 | b8d0 818f | 23f9 7f00 | 00ff d048 | 83c4 20c5 | fb10 6c24 | 68c5 fb10 
  0x0000019dcf72d3a0: 6424 60c5 | fb10 5c24 | 58c5 fb10 | 5424 50c5 | fb10 4c24 | 48c5 fb10 | 4424 404c | 8b5c 2430 
  0x0000019dcf72d3c0: 4c8b 5424 | 284c 8b4c | 2420 4c8b | 4424 1848 | 8b54 2410 | 488b 4c24 | 0848 8b04 | 2448 83c4 
  0x0000019dcf72d3e0: 70c5 f877 | 4889 4510 | 4883 ec10 | 4889 0424 | 48c7 4424 | 0800 0000 | 0041 83bf | 5005 0000 
  0x0000019dcf72d400: 020f 85bf | 0000 0048 | 81ec 8000 | 0000 4889 | 4424 7848 | 894c 2470 | 4889 5424 | 6848 895c 
  0x0000019dcf72d420: 2460 4889 | 6c24 5048 | 8974 2448 | 4889 7c24 | 404c 8944 | 2438 4c89 | 4c24 304c | 8954 2428 
  0x0000019dcf72d440: 4c89 5c24 | 204c 8964 | 2418 4c89 | 6c24 104c | 8974 2408 | 4c89 3c24 | 4c8b e448 | 83ec 2048 
  0x0000019dcf72d460: 83e4 f048 | b8a0 16d6 | 23f9 7f00 | 00ff d049 | 8be4 4c8b | 3c24 4c8b | 7424 084c | 8b6c 2410 
  0x0000019dcf72d480: 4c8b 6424 | 184c 8b5c | 2420 4c8b | 5424 284c | 8b4c 2430 | 4c8b 4424 | 3848 8b7c | 2440 488b 
  0x0000019dcf72d4a0: 7424 4848 | 8b6c 2450 | 488b 5c24 | 6048 8b54 | 2468 488b | 4c24 7048 | 8b44 2478 | 4881 c480 
  0x0000019dcf72d4c0: 0000 004d | 33e4 488b | 5de8 4c8b | 6b08 4d8d | 6d38 4983 | 7f08 000f | 84bb 0000 | 00e8 0500 
  0x0000019dcf72d4e0: 0000 e996 | 0000 0048 | 8d44 2408 | 4c89 6dc0 | 498b cfc5 | f877 4989 | af38 0400 | 0049 8987 
  0x0000019dcf72d500: 2804 0000 | 4883 ec20 | 40f6 c40f | 0f84 1900 | 0000 4883 | ec08 48b8 | 7079 9b23 | f97f 0000 
  0x0000019dcf72d520: ffd0 4883 | c408 e90c | 0000 0048 | b870 799b | 23f9 7f00 | 00ff d048 | 83c4 2049 | c787 2804 
  0x0000019dcf72d540: 0000 0000 | 0000 49c7 | 8738 0400 | 0000 0000 | 0049 c787 | 3004 0000 | 0000 0000 | c5f8 7749 
  0x0000019dcf72d560: 837f 0800 | 0f84 0500 | 0000 e971 | 3cff ff4c | 8b6d c04c | 8b75 c84e | 8d74 f500 | c348 b970 
  0x0000019dcf72d580: 0008 24f9 | 7f00 0048 | 83e4 f048 | b870 90c2 | 23f9 7f00 | 00ff d0f4 | 440f b75b | 2c41 f6c3 
  0x0000019dcf72d5a0: 200f 8472 | 0100 0048 | 8d55 a84c | 8b5a 084d | 85db 0f85 | bb00 0000 | e805 0000 | 00e9 9600 
  0x0000019dcf72d5c0: 0000 488d | 4424 084c | 896d c049 | 8bcf c5f8 | 7749 89af | 3804 0000 | 4989 8728 | 0400 0048 
  0x0000019dcf72d5e0: 83ec 2040 | f6c4 0f0f | 8419 0000 | 0048 83ec | 0848 b8a0 | 789b 23f9 | 7f00 00ff | d048 83c4 
  0x0000019dcf72d600: 08e9 0c00 | 0000 48b8 | a078 9b23 | f97f 0000 | ffd0 4883 | c420 49c7 | 8728 0400 | 0000 0000 
  0x0000019dcf72d620: 0049 c787 | 3804 0000 | 0000 0000 | 49c7 8730 | 0400 0000 | 0000 00c5 | f877 4983 | 7f08 000f 
  0x0000019dcf72d640: 8405 0000 | 00e9 963b | ffff 4c8b | 6dc0 4c8b | 75c8 4e8d | 74f5 00c3 | 48b9 7000 | 0824 f97f 
  0x0000019dcf72d660: 0000 4883 | e4f0 48b8 | 7090 c223 | f97f 0000 | ffd0 f44c | 896d c04c | 8b4a 0848 | c742 0800 
  0x0000019dcf72d680: 0000 0045 | 8b87 d806 | 0000 4f3b | 4c07 f80f | 8542 0000 | 0041 83af | d806 0000 | 084f 3b4c 
  0x0000019dcf72d6a0: 07f0 0f84 | 2a00 0000 | 498b 01a8 | 020f 8512 | 0000 004c | 8bc0 4983 | c801 f04d | 0fb1 010f 
  0x0000019dcf72d6c0: 840d 0000 | 0041 8387 | d806 0000 | 08e9 0500 | 0000 e93e | 0000 004c | 894a 0848 | 8bca 4883 
  0x0000019dcf72d6e0: ec20 40f6 | c40f 0f84 | 1900 0000 | 4883 ec08 | 48b8 f04a | 9b23 f97f | 0000 ffd0 | 4883 c408 
  0x0000019dcf72d700: e90c 0000 | 0048 b8f0 | 4a9b 23f9 | 7f00 00ff | d048 83c4 | 204c 8b6d | c041 c687 | 9603 0000 
  0x0000019dcf72d720: 0149 3b6f | 280f 8705 | 0000 00e9 | ab00 0000 | 4883 ec10 | c5fb 1104 | 2448 83ec | 1048 8904 
  0x0000019dcf72d740: 2448 c744 | 2408 0000 | 0000 c5f8 | 7749 89af | 3804 0000 | 49ba 4ad7 | 72cf 9d01 | 0000 4d89 
  0x0000019dcf72d760: 9730 0400 | 0049 89a7 | 2804 0000 | 498b cf48 | 83ec 2040 | f6c4 0f0f | 8419 0000 | 0048 83ec 
  0x0000019dcf72d780: 0848 b890 | 319b 23f9 | 7f00 00ff | d048 83c4 | 08e9 0c00 | 0000 48b8 | 9031 9b23 | f97f 0000 
  0x0000019dcf72d7a0: ffd0 4883 | c420 49c7 | 8728 0400 | 0000 0000 | 0049 c787 | 3804 0000 | 0000 0000 | 49c7 8730 
  0x0000019dcf72d7c0: 0400 0000 | 0000 00c5 | f877 488b | 0424 4883 | c410 c5fb | 1004 2448 | 83c4 1048 | 8b04 2448 
  0x0000019dcf72d7e0: 83c4 10c5 | fb10 0424 | 4883 c410 | 4c8b 5d18 | 41ff d34c | 8b5d f8c9 | 41c6 8796 | 0300 0000 
  0x0000019dcf72d800: 5f49 8be3 | ffe7 ba00 | 0000 00e8 | 0500 0000 | e996 0000 | 0048 8d44 | 2408 4c89 | 6dc0 498b 
  0x0000019dcf72d820: cfc5 f877 | 4989 af38 | 0400 0049 | 8987 2804 | 0000 4883 | ec20 40f6 | c40f 0f84 | 1900 0000 
  0x0000019dcf72d840: 4883 ec08 | 48b8 e040 | 9b23 f97f | 0000 ffd0 | 4883 c408 | e90c 0000 | 0048 b8e0 | 409b 23f9 
  0x0000019dcf72d860: 7f00 00ff | d048 83c4 | 2049 c787 | 2804 0000 | 0000 0000 | 49c7 8738 | 0400 0000 | 0000 0049 
  0x0000019dcf72d880: c787 3004 | 0000 0000 | 0000 c5f8 | 7749 837f | 0800 0f84 | 0500 0000 | e943 39ff | ff4c 8b6d 
  0x0000019dcf72d8a0: c04c 8b75 | c84e 8d74 | f500 c348 | 8b5d e8e9 | 74f6 ffff | 0f1f 4000 
[/MachCode]

---------------  P R O C E S S  ---------------

Threads class SMR info:
_java_thread_list=0x0000019ddfde4eb0, length=17, elements={
0x0000019ddf0f90a0, 0x0000019ddf0f9b00, 0x0000019ddf0faae0, 0x0000019ddf0fbac0,
0x0000019ddf0fc280, 0x0000019ddf0fca40, 0x0000019ddf0ff540, 0x0000019ddf106510,
0x0000019ddf16dd30, 0x0000019ddf2db420, 0x0000019ddf43b910, 0x0000019ddf43c0d0,
0x0000019ddf6717e0, 0x0000019ddfd69580, 0x0000019ddfd70ab0, 0x0000019dbd34f780,
0x0000019ddfe7fdd0
}

Java Threads: ( => current thread )
  0x0000019ddf0f90a0 JavaThread "Reference Handler"          daemon [_thread_blocked, id=3124, stack(0x00000080c5c00000,0x00000080c5d00000) (1024K)]
  0x0000019ddf0f9b00 JavaThread "Finalizer"                  daemon [_thread_blocked, id=18144, stack(0x00000080c5d00000,0x00000080c5e00000) (1024K)]
  0x0000019ddf0faae0 JavaThread "Signal Dispatcher"          daemon [_thread_blocked, id=11532, stack(0x00000080c5e00000,0x00000080c5f00000) (1024K)]
  0x0000019ddf0fbac0 JavaThread "Attach Listener"            daemon [_thread_blocked, id=7188, stack(0x00000080c5f00000,0x00000080c6000000) (1024K)]
  0x0000019ddf0fc280 JavaThread "Service Thread"             daemon [_thread_blocked, id=20716, stack(0x00000080c6000000,0x00000080c6100000) (1024K)]
  0x0000019ddf0fca40 JavaThread "Monitor Deflation Thread"   daemon [_thread_blocked, id=3012, stack(0x00000080c6100000,0x00000080c6200000) (1024K)]
  0x0000019ddf0ff540 JavaThread "C2 CompilerThread0"         daemon [_thread_blocked, id=9056, stack(0x00000080c6200000,0x00000080c6300000) (1024K)]
  0x0000019ddf106510 JavaThread "C1 CompilerThread0"         daemon [_thread_blocked, id=15200, stack(0x00000080c6300000,0x00000080c6400000) (1024K)]
  0x0000019ddf16dd30 JavaThread "Notification Thread"        daemon [_thread_blocked, id=21632, stack(0x00000080c6400000,0x00000080c6500000) (1024K)]
  0x0000019ddf2db420 JavaThread "Common-Cleaner"             daemon [_thread_blocked, id=4236, stack(0x00000080c6500000,0x00000080c6600000) (1024K)]
  0x0000019ddf43b910 JavaThread "Java2D Disposer"            daemon [_thread_blocked, id=22048, stack(0x00000080c6600000,0x00000080c6700000) (1024K)]
  0x0000019ddf43c0d0 JavaThread "AWT-Shutdown"                      [_thread_blocked, id=2312, stack(0x00000080c6700000,0x00000080c6800000) (1024K)]
=>0x0000019ddf6717e0 JavaThread "AWT-Windows"                daemon [_thread_in_native, id=21956, stack(0x00000080c6800000,0x00000080c6900000) (1024K)]
  0x0000019ddfd69580 JavaThread "Thread-1"                          [_thread_blocked, id=10116, stack(0x00000080c6a00000,0x00000080c6b00000) (1024K)]
  0x0000019ddfd70ab0 JavaThread "AWT-EventQueue-0"                  [_thread_in_native, id=20648, stack(0x00000080c6b00000,0x00000080c6c00000) (1024K)]
  0x0000019dbd34f780 JavaThread "DestroyJavaVM"                     [_thread_blocked, id=16308, stack(0x00000080c5400000,0x00000080c5500000) (1024K)]
  0x0000019ddfe7fdd0 JavaThread "TimerQueue"                 daemon [_thread_blocked, id=13644, stack(0x00000080c6f00000,0x00000080c7000000) (1024K)]
Total: 17

Other Threads:
  0x0000019ddf0e6960 VMThread "VM Thread"                           [id=11736, stack(0x00000080c5b00000,0x00000080c5c00000) (1024K)]
  0x0000019ddf0d2cb0 WatcherThread "VM Periodic Task Thread"        [id=7824, stack(0x00000080c5a00000,0x00000080c5b00000) (1024K)]
  0x0000019dbf765cb0 WorkerThread "GC Thread#0"                     [id=12460, stack(0x00000080c5500000,0x00000080c5600000) (1024K)]
  0x0000019ddf7ff730 WorkerThread "GC Thread#1"                     [id=4148, stack(0x00000080c5100000,0x00000080c5200000) (1024K)]
  0x0000019ddfb0c430 WorkerThread "GC Thread#2"                     [id=10188, stack(0x00000080c5200000,0x00000080c5300000) (1024K)]
  0x0000019ddfb0c860 WorkerThread "GC Thread#3"                     [id=20128, stack(0x00000080c5300000,0x00000080c5400000) (1024K)]
  0x0000019ddfb0cc90 WorkerThread "GC Thread#4"                     [id=1200, stack(0x00000080c6900000,0x00000080c6a00000) (1024K)]
  0x0000019ddfb0d0c0 WorkerThread "GC Thread#5"                     [id=11476, stack(0x00000080c7000000,0x00000080c7100000) (1024K)]
  0x0000019ddfb0dd60 WorkerThread "GC Thread#6"                     [id=13216, stack(0x00000080c7100000,0x00000080c7200000) (1024K)]
  0x0000019ddfb10430 WorkerThread "GC Thread#7"                     [id=14720, stack(0x00000080c7200000,0x00000080c7300000) (1024K)]
  0x0000019ddfb10880 WorkerThread "GC Thread#8"                     [id=22396, stack(0x00000080c7300000,0x00000080c7400000) (1024K)]
  0x0000019dbf780670 ConcurrentGCThread "G1 Main Marker"            [id=17472, stack(0x00000080c5600000,0x00000080c5700000) (1024K)]
  0x0000019dbf783220 WorkerThread "G1 Conc#0"                       [id=17760, stack(0x00000080c5700000,0x00000080c5800000) (1024K)]
  0x0000019ddef92b10 ConcurrentGCThread "G1 Refine#0"               [id=14480, stack(0x00000080c5800000,0x00000080c5900000) (1024K)]
  0x0000019ddef97130 ConcurrentGCThread "G1 Service"                [id=19336, stack(0x00000080c5900000,0x00000080c5a00000) (1024K)]
Total: 15

Threads with active compile tasks:
Total: 0

VM state: not at safepoint (normal execution)

VM Mutex/Monitor currently owned by a thread: None

Heap address: 0x0000000704c00000, size: 4020 MB, Compressed Oops mode: Zero based, Oop shift amount: 3

CDS archive(s) mapped at: [0x0000000082000000-0x0000000082dd0000-0x0000000082dd0000), size 14483456, SharedBaseAddress: 0x0000000082000000, ArchiveRelocationMode: 1.
Compressed class space mapped at: 0x0000000083000000-0x00000000c3000000, reserved size: 1073741824
UseCompressedClassPointers 1, UseCompactObjectHeaders 0
Narrow klass pointer bits 32, Max shift 3
Narrow klass base: 0x0000000082000000, Narrow klass shift: 0
Encoding Range: [0x0000000082000000 - 0x0000000182000000), (4294967296 bytes)
Klass Range:    [0x0000000082010000 - 0x00000000c3000000), (1090453504 bytes)
Klass ID Range:  [65536 - 1090519033) (1090453497)
Protection zone: [0x0000000082000000 - 0x0000000082010000), (65536 bytes)

GC Precious Log:
 CardTable entry size: 512
 Card Set container configuration: InlinePtr #cards 4 size 8 Array Of Cards #cards 16 size 48 Howl #buckets 8 coarsen threshold 3686 Howl Bitmap #cards 512 size 80 coarsen threshold 460 Card regions per heap region 1 cards per card region 4096
 CPUs: 12 total, 12 available
 Memory: 16076M
 Large Page Support: Disabled
 NUMA Support: Disabled
 Compressed Oops: Enabled (Zero based)
 Heap Region Size: 2M
 Heap Min Capacity: 8M
 Heap Initial Capacity: 252M
 Heap Max Capacity: 4020M
 Pre-touch: Disabled
 Parallel Workers: 10
 Concurrent Workers: 3
 Concurrent Refinement Workers: 10
 Periodic GC: Disabled

Heap:
 garbage-first heap   total reserved 4116480K, committed 260096K, used 90075K [0x0000000704c00000, 0x0000000800000000)
  region size 2048K, 40 young (81920K), 2 survivors (4096K)

Heap Regions: E=young(eden), S=young(survivor), O=old, HS=humongous(starts), HC=humongous(continues), CS=collection set, F=free, TAMS=top-at-mark-start, PB=parsable bottom
|   0|0x0000000704c00000, 0x0000000704c00000, 0x0000000704e00000|  0%| F|  |TAMS 0x0000000704c00000| PB 0x0000000704c00000| Untracked |  0
|   1|0x0000000704e00000, 0x0000000705000000, 0x0000000705000000|100%|HS|  |TAMS 0x0000000704e00000| PB 0x0000000704e00000| Complete |  0
|   2|0x0000000705000000, 0x0000000705200000, 0x0000000705200000|100%|HS|  |TAMS 0x0000000705000000| PB 0x0000000705000000| Complete |  0
|   3|0x0000000705200000, 0x0000000705400000, 0x0000000705400000|100%|HC|  |TAMS 0x0000000705200000| PB 0x0000000705200000| Complete |  0
|   4|0x0000000705400000, 0x0000000705600000, 0x0000000705600000|100%|HC|  |TAMS 0x0000000705400000| PB 0x0000000705400000| Complete |  0
|   5|0x0000000705600000, 0x0000000705800000, 0x0000000705800000|100%|HC|  |TAMS 0x0000000705600000| PB 0x0000000705600000| Complete |  0
|   6|0x0000000705800000, 0x0000000705800000, 0x0000000705a00000|  0%| F|  |TAMS 0x0000000705800000| PB 0x0000000705800000| Untracked |  0
|   7|0x0000000705a00000, 0x0000000705a00000, 0x0000000705c00000|  0%| F|  |TAMS 0x0000000705a00000| PB 0x0000000705a00000| Untracked |  0
|   8|0x0000000705c00000, 0x0000000705c00000, 0x0000000705e00000|  0%| F|  |TAMS 0x0000000705c00000| PB 0x0000000705c00000| Untracked |  0
|   9|0x0000000705e00000, 0x0000000705e00000, 0x0000000706000000|  0%| F|  |TAMS 0x0000000705e00000| PB 0x0000000705e00000| Untracked |  0
|  10|0x0000000706000000, 0x0000000706000000, 0x0000000706200000|  0%| F|  |TAMS 0x0000000706000000| PB 0x0000000706000000| Untracked |  0
|  11|0x0000000706200000, 0x0000000706200000, 0x0000000706400000|  0%| F|  |TAMS 0x0000000706200000| PB 0x0000000706200000| Untracked |  0
|  12|0x0000000706400000, 0x0000000706400000, 0x0000000706600000|  0%| F|  |TAMS 0x0000000706400000| PB 0x0000000706400000| Untracked |  0
|  13|0x0000000706600000, 0x0000000706600000, 0x0000000706800000|  0%| F|  |TAMS 0x0000000706600000| PB 0x0000000706600000| Untracked |  0
|  14|0x0000000706800000, 0x0000000706800000, 0x0000000706a00000|  0%| F|  |TAMS 0x0000000706800000| PB 0x0000000706800000| Untracked |  0
|  15|0x0000000706a00000, 0x0000000706a00000, 0x0000000706c00000|  0%| F|  |TAMS 0x0000000706a00000| PB 0x0000000706a00000| Untracked |  0
|  16|0x0000000706c00000, 0x0000000706c00000, 0x0000000706e00000|  0%| F|  |TAMS 0x0000000706c00000| PB 0x0000000706c00000| Untracked |  0
|  17|0x0000000706e00000, 0x0000000706e00000, 0x0000000707000000|  0%| F|  |TAMS 0x0000000706e00000| PB 0x0000000706e00000| Untracked |  0
|  18|0x0000000707000000, 0x0000000707000000, 0x0000000707200000|  0%| F|  |TAMS 0x0000000707000000| PB 0x0000000707000000| Untracked |  0
|  19|0x0000000707200000, 0x0000000707200000, 0x0000000707400000|  0%| F|  |TAMS 0x0000000707200000| PB 0x0000000707200000| Untracked |  0
|  20|0x0000000707400000, 0x0000000707400000, 0x0000000707600000|  0%| F|  |TAMS 0x0000000707400000| PB 0x0000000707400000| Untracked |  0
|  21|0x0000000707600000, 0x0000000707600000, 0x0000000707800000|  0%| F|  |TAMS 0x0000000707600000| PB 0x0000000707600000| Untracked |  0
|  22|0x0000000707800000, 0x0000000707800000, 0x0000000707a00000|  0%| F|  |TAMS 0x0000000707800000| PB 0x0000000707800000| Untracked |  0
|  23|0x0000000707a00000, 0x0000000707a00000, 0x0000000707c00000|  0%| F|  |TAMS 0x0000000707a00000| PB 0x0000000707a00000| Untracked |  0
|  24|0x0000000707c00000, 0x0000000707c00000, 0x0000000707e00000|  0%| F|  |TAMS 0x0000000707c00000| PB 0x0000000707c00000| Untracked |  0
|  25|0x0000000707e00000, 0x0000000707e00000, 0x0000000708000000|  0%| F|  |TAMS 0x0000000707e00000| PB 0x0000000707e00000| Untracked |  0
|  26|0x0000000708000000, 0x0000000708000000, 0x0000000708200000|  0%| F|  |TAMS 0x0000000708000000| PB 0x0000000708000000| Untracked |  0
|  27|0x0000000708200000, 0x0000000708200000, 0x0000000708400000|  0%| F|  |TAMS 0x0000000708200000| PB 0x0000000708200000| Untracked |  0
|  28|0x0000000708400000, 0x0000000708400000, 0x0000000708600000|  0%| F|  |TAMS 0x0000000708400000| PB 0x0000000708400000| Untracked |  0
|  29|0x0000000708600000, 0x0000000708600000, 0x0000000708800000|  0%| F|  |TAMS 0x0000000708600000| PB 0x0000000708600000| Untracked |  0
|  30|0x0000000708800000, 0x0000000708800000, 0x0000000708a00000|  0%| F|  |TAMS 0x0000000708800000| PB 0x0000000708800000| Untracked |  0
|  31|0x0000000708a00000, 0x0000000708a00000, 0x0000000708c00000|  0%| F|  |TAMS 0x0000000708a00000| PB 0x0000000708a00000| Untracked |  0
|  32|0x0000000708c00000, 0x0000000708c00000, 0x0000000708e00000|  0%| F|  |TAMS 0x0000000708c00000| PB 0x0000000708c00000| Untracked |  0
|  33|0x0000000708e00000, 0x0000000708e00000, 0x0000000709000000|  0%| F|  |TAMS 0x0000000708e00000| PB 0x0000000708e00000| Untracked |  0
|  34|0x0000000709000000, 0x0000000709000000, 0x0000000709200000|  0%| F|  |TAMS 0x0000000709000000| PB 0x0000000709000000| Untracked |  0
|  35|0x0000000709200000, 0x0000000709200000, 0x0000000709400000|  0%| F|  |TAMS 0x0000000709200000| PB 0x0000000709200000| Untracked |  0
|  36|0x0000000709400000, 0x0000000709400000, 0x0000000709600000|  0%| F|  |TAMS 0x0000000709400000| PB 0x0000000709400000| Untracked |  0
|  37|0x0000000709600000, 0x0000000709600000, 0x0000000709800000|  0%| F|  |TAMS 0x0000000709600000| PB 0x0000000709600000| Untracked |  0
|  38|0x0000000709800000, 0x0000000709800000, 0x0000000709a00000|  0%| F|  |TAMS 0x0000000709800000| PB 0x0000000709800000| Untracked |  0
|  39|0x0000000709a00000, 0x0000000709a00000, 0x0000000709c00000|  0%| F|  |TAMS 0x0000000709a00000| PB 0x0000000709a00000| Untracked |  0
|  40|0x0000000709c00000, 0x0000000709c00000, 0x0000000709e00000|  0%| F|  |TAMS 0x0000000709c00000| PB 0x0000000709c00000| Untracked |  0
|  41|0x0000000709e00000, 0x0000000709e00000, 0x000000070a000000|  0%| F|  |TAMS 0x0000000709e00000| PB 0x0000000709e00000| Untracked |  0
|  42|0x000000070a000000, 0x000000070a000000, 0x000000070a200000|  0%| F|  |TAMS 0x000000070a000000| PB 0x000000070a000000| Untracked |  0
|  43|0x000000070a200000, 0x000000070a200000, 0x000000070a400000|  0%| F|  |TAMS 0x000000070a200000| PB 0x000000070a200000| Untracked |  0
|  44|0x000000070a400000, 0x000000070a400000, 0x000000070a600000|  0%| F|  |TAMS 0x000000070a400000| PB 0x000000070a400000| Untracked |  0
|  45|0x000000070a600000, 0x000000070a600000, 0x000000070a800000|  0%| F|  |TAMS 0x000000070a600000| PB 0x000000070a600000| Untracked |  0
|  46|0x000000070a800000, 0x000000070a800000, 0x000000070aa00000|  0%| F|  |TAMS 0x000000070a800000| PB 0x000000070a800000| Untracked |  0
|  47|0x000000070aa00000, 0x000000070aa00000, 0x000000070ac00000|  0%| F|  |TAMS 0x000000070aa00000| PB 0x000000070aa00000| Untracked |  0
|  48|0x000000070ac00000, 0x000000070ac00000, 0x000000070ae00000|  0%| F|  |TAMS 0x000000070ac00000| PB 0x000000070ac00000| Untracked |  0
|  49|0x000000070ae00000, 0x000000070ae00000, 0x000000070b000000|  0%| F|  |TAMS 0x000000070ae00000| PB 0x000000070ae00000| Untracked |  0
|  50|0x000000070b000000, 0x000000070b000000, 0x000000070b200000|  0%| F|  |TAMS 0x000000070b000000| PB 0x000000070b000000| Untracked |  0
|  51|0x000000070b200000, 0x000000070b200000, 0x000000070b400000|  0%| F|  |TAMS 0x000000070b200000| PB 0x000000070b200000| Untracked |  0
|  52|0x000000070b400000, 0x000000070b400000, 0x000000070b600000|  0%| F|  |TAMS 0x000000070b400000| PB 0x000000070b400000| Untracked |  0
|  53|0x000000070b600000, 0x000000070b600000, 0x000000070b800000|  0%| F|  |TAMS 0x000000070b600000| PB 0x000000070b600000| Untracked |  0
|  54|0x000000070b800000, 0x000000070b800000, 0x000000070ba00000|  0%| F|  |TAMS 0x000000070b800000| PB 0x000000070b800000| Untracked |  0
|  55|0x000000070ba00000, 0x000000070ba00000, 0x000000070bc00000|  0%| F|  |TAMS 0x000000070ba00000| PB 0x000000070ba00000| Untracked |  0
|  56|0x000000070bc00000, 0x000000070bc00000, 0x000000070be00000|  0%| F|  |TAMS 0x000000070bc00000| PB 0x000000070bc00000| Untracked |  0
|  57|0x000000070be00000, 0x000000070be00000, 0x000000070c000000|  0%| F|  |TAMS 0x000000070be00000| PB 0x000000070be00000| Untracked |  0
|  58|0x000000070c000000, 0x000000070c000000, 0x000000070c200000|  0%| F|  |TAMS 0x000000070c000000| PB 0x000000070c000000| Untracked |  0
|  59|0x000000070c200000, 0x000000070c200000, 0x000000070c400000|  0%| F|  |TAMS 0x000000070c200000| PB 0x000000070c200000| Untracked |  0
|  60|0x000000070c400000, 0x000000070c400000, 0x000000070c600000|  0%| F|  |TAMS 0x000000070c400000| PB 0x000000070c400000| Untracked |  0
|  61|0x000000070c600000, 0x000000070c600000, 0x000000070c800000|  0%| F|  |TAMS 0x000000070c600000| PB 0x000000070c600000| Untracked |  0
|  62|0x000000070c800000, 0x000000070c800000, 0x000000070ca00000|  0%| F|  |TAMS 0x000000070c800000| PB 0x000000070c800000| Untracked |  0
|  63|0x000000070ca00000, 0x000000070ca00000, 0x000000070cc00000|  0%| F|  |TAMS 0x000000070ca00000| PB 0x000000070ca00000| Untracked |  0
|  64|0x000000070cc00000, 0x000000070cc00000, 0x000000070ce00000|  0%| F|  |TAMS 0x000000070cc00000| PB 0x000000070cc00000| Untracked |  0
|  65|0x000000070ce00000, 0x000000070ce00000, 0x000000070d000000|  0%| F|  |TAMS 0x000000070ce00000| PB 0x000000070ce00000| Untracked |  0
|  66|0x000000070d000000, 0x000000070d000000, 0x000000070d200000|  0%| F|  |TAMS 0x000000070d000000| PB 0x000000070d000000| Untracked |  0
|  67|0x000000070d200000, 0x000000070d200000, 0x000000070d400000|  0%| F|  |TAMS 0x000000070d200000| PB 0x000000070d200000| Untracked |  0
|  68|0x000000070d400000, 0x000000070d400000, 0x000000070d600000|  0%| F|  |TAMS 0x000000070d400000| PB 0x000000070d400000| Untracked |  0
|  69|0x000000070d600000, 0x000000070d600000, 0x000000070d800000|  0%| F|  |TAMS 0x000000070d600000| PB 0x000000070d600000| Untracked |  0
|  70|0x000000070d800000, 0x000000070d800000, 0x000000070da00000|  0%| F|  |TAMS 0x000000070d800000| PB 0x000000070d800000| Untracked |  0
|  71|0x000000070da00000, 0x000000070da00000, 0x000000070dc00000|  0%| F|  |TAMS 0x000000070da00000| PB 0x000000070da00000| Untracked |  0
|  72|0x000000070dc00000, 0x000000070dc00000, 0x000000070de00000|  0%| F|  |TAMS 0x000000070dc00000| PB 0x000000070dc00000| Untracked |  0
|  73|0x000000070de00000, 0x000000070de00000, 0x000000070e000000|  0%| F|  |TAMS 0x000000070de00000| PB 0x000000070de00000| Untracked |  0
|  74|0x000000070e000000, 0x000000070e000000, 0x000000070e200000|  0%| F|  |TAMS 0x000000070e000000| PB 0x000000070e000000| Untracked |  0
|  75|0x000000070e200000, 0x000000070e200000, 0x000000070e400000|  0%| F|  |TAMS 0x000000070e200000| PB 0x000000070e200000| Untracked |  0
|  76|0x000000070e400000, 0x000000070e400000, 0x000000070e600000|  0%| F|  |TAMS 0x000000070e400000| PB 0x000000070e400000| Untracked |  0
|  77|0x000000070e600000, 0x000000070e600000, 0x000000070e800000|  0%| F|  |TAMS 0x000000070e600000| PB 0x000000070e600000| Untracked |  0
|  78|0x000000070e800000, 0x000000070e800000, 0x000000070ea00000|  0%| F|  |TAMS 0x000000070e800000| PB 0x000000070e800000| Untracked |  0
|  79|0x000000070ea00000, 0x000000070ea00000, 0x000000070ec00000|  0%| F|  |TAMS 0x000000070ea00000| PB 0x000000070ea00000| Untracked |  0
|  80|0x000000070ec00000, 0x000000070ec00000, 0x000000070ee00000|  0%| F|  |TAMS 0x000000070ec00000| PB 0x000000070ec00000| Untracked |  0
|  81|0x000000070ee00000, 0x000000070ee00000, 0x000000070f000000|  0%| F|  |TAMS 0x000000070ee00000| PB 0x000000070ee00000| Untracked |  0
|  82|0x000000070f000000, 0x000000070f000000, 0x000000070f200000|  0%| F|  |TAMS 0x000000070f000000| PB 0x000000070f000000| Untracked |  0
|  83|0x000000070f200000, 0x000000070f200000, 0x000000070f400000|  0%| F|  |TAMS 0x000000070f200000| PB 0x000000070f200000| Untracked |  0
|  84|0x000000070f400000, 0x000000070f400000, 0x000000070f600000|  0%| F|  |TAMS 0x000000070f400000| PB 0x000000070f400000| Untracked |  0
|  85|0x000000070f600000, 0x000000070f600000, 0x000000070f800000|  0%| F|  |TAMS 0x000000070f600000| PB 0x000000070f600000| Untracked |  0
|  86|0x000000070f800000, 0x000000070f9e6058, 0x000000070fa00000| 94%| E|  |TAMS 0x000000070f800000| PB 0x000000070f800000| Complete |  0
|  87|0x000000070fa00000, 0x000000070fc00000, 0x000000070fc00000|100%| E|CS|TAMS 0x000000070fa00000| PB 0x000000070fa00000| Complete |  0
|  88|0x000000070fc00000, 0x000000070fe00000, 0x000000070fe00000|100%| E|CS|TAMS 0x000000070fc00000| PB 0x000000070fc00000| Complete |  0
|  89|0x000000070fe00000, 0x0000000710000000, 0x0000000710000000|100%| E|CS|TAMS 0x000000070fe00000| PB 0x000000070fe00000| Complete |  0
|  90|0x0000000710000000, 0x0000000710200000, 0x0000000710200000|100%| E|CS|TAMS 0x0000000710000000| PB 0x0000000710000000| Complete |  0
|  91|0x0000000710200000, 0x0000000710400000, 0x0000000710400000|100%| E|CS|TAMS 0x0000000710200000| PB 0x0000000710200000| Complete |  0
|  92|0x0000000710400000, 0x0000000710600000, 0x0000000710600000|100%| E|CS|TAMS 0x0000000710400000| PB 0x0000000710400000| Complete |  0
|  93|0x0000000710600000, 0x0000000710800000, 0x0000000710800000|100%| E|CS|TAMS 0x0000000710600000| PB 0x0000000710600000| Complete |  0
|  94|0x0000000710800000, 0x0000000710a00000, 0x0000000710a00000|100%| E|CS|TAMS 0x0000000710800000| PB 0x0000000710800000| Complete |  0
|  95|0x0000000710a00000, 0x0000000710c00000, 0x0000000710c00000|100%| E|CS|TAMS 0x0000000710a00000| PB 0x0000000710a00000| Complete |  0
|  96|0x0000000710c00000, 0x0000000710e00000, 0x0000000710e00000|100%| E|CS|TAMS 0x0000000710c00000| PB 0x0000000710c00000| Complete |  0
|  97|0x0000000710e00000, 0x0000000711000000, 0x0000000711000000|100%| E|CS|TAMS 0x0000000710e00000| PB 0x0000000710e00000| Complete |  0
|  98|0x0000000711000000, 0x0000000711200000, 0x0000000711200000|100%| E|CS|TAMS 0x0000000711000000| PB 0x0000000711000000| Complete |  0
|  99|0x0000000711200000, 0x0000000711400000, 0x0000000711400000|100%| E|CS|TAMS 0x0000000711200000| PB 0x0000000711200000| Complete |  0
| 100|0x0000000711400000, 0x00000007114d2000, 0x0000000711600000| 41%| S|CS|TAMS 0x0000000711400000| PB 0x0000000711400000| Complete |  0
| 101|0x0000000711600000, 0x0000000711800000, 0x0000000711800000|100%| S|CS|TAMS 0x0000000711600000| PB 0x0000000711600000| Complete |  0
| 102|0x0000000711800000, 0x0000000711a00000, 0x0000000711a00000|100%| E|CS|TAMS 0x0000000711800000| PB 0x0000000711800000| Complete |  0
| 103|0x0000000711a00000, 0x0000000711c00000, 0x0000000711c00000|100%| E|CS|TAMS 0x0000000711a00000| PB 0x0000000711a00000| Complete |  0
| 104|0x0000000711c00000, 0x0000000711e00000, 0x0000000711e00000|100%| E|CS|TAMS 0x0000000711c00000| PB 0x0000000711c00000| Complete |  0
| 105|0x0000000711e00000, 0x0000000712000000, 0x0000000712000000|100%| E|CS|TAMS 0x0000000711e00000| PB 0x0000000711e00000| Complete |  0
| 106|0x0000000712000000, 0x0000000712200000, 0x0000000712200000|100%| E|CS|TAMS 0x0000000712000000| PB 0x0000000712000000| Complete |  0
| 107|0x0000000712200000, 0x0000000712400000, 0x0000000712400000|100%| E|CS|TAMS 0x0000000712200000| PB 0x0000000712200000| Complete |  0
| 108|0x0000000712400000, 0x0000000712600000, 0x0000000712600000|100%| E|CS|TAMS 0x0000000712400000| PB 0x0000000712400000| Complete |  0
| 109|0x0000000712600000, 0x0000000712800000, 0x0000000712800000|100%| E|CS|TAMS 0x0000000712600000| PB 0x0000000712600000| Complete |  0
| 110|0x0000000712800000, 0x0000000712a00000, 0x0000000712a00000|100%| E|CS|TAMS 0x0000000712800000| PB 0x0000000712800000| Complete |  0
| 111|0x0000000712a00000, 0x0000000712c00000, 0x0000000712c00000|100%| E|CS|TAMS 0x0000000712a00000| PB 0x0000000712a00000| Complete |  0
| 112|0x0000000712c00000, 0x0000000712e00000, 0x0000000712e00000|100%| E|CS|TAMS 0x0000000712c00000| PB 0x0000000712c00000| Complete |  0
| 113|0x0000000712e00000, 0x0000000713000000, 0x0000000713000000|100%| E|CS|TAMS 0x0000000712e00000| PB 0x0000000712e00000| Complete |  0
| 114|0x0000000713000000, 0x0000000713200000, 0x0000000713200000|100%| E|CS|TAMS 0x0000000713000000| PB 0x0000000713000000| Complete |  0
| 115|0x0000000713200000, 0x0000000713400000, 0x0000000713400000|100%| E|CS|TAMS 0x0000000713200000| PB 0x0000000713200000| Complete |  0
| 116|0x0000000713400000, 0x0000000713600000, 0x0000000713600000|100%| E|CS|TAMS 0x0000000713400000| PB 0x0000000713400000| Complete |  0
| 117|0x0000000713600000, 0x0000000713800000, 0x0000000713800000|100%| E|CS|TAMS 0x0000000713600000| PB 0x0000000713600000| Complete |  0
| 118|0x0000000713800000, 0x0000000713a00000, 0x0000000713a00000|100%| E|CS|TAMS 0x0000000713800000| PB 0x0000000713800000| Complete |  0
| 119|0x0000000713a00000, 0x0000000713c00000, 0x0000000713c00000|100%| E|CS|TAMS 0x0000000713a00000| PB 0x0000000713a00000| Complete |  0
| 120|0x0000000713c00000, 0x0000000713e00000, 0x0000000713e00000|100%| E|CS|TAMS 0x0000000713c00000| PB 0x0000000713c00000| Complete |  0
| 121|0x0000000713e00000, 0x0000000714000000, 0x0000000714000000|100%| E|CS|TAMS 0x0000000713e00000| PB 0x0000000713e00000| Complete |  0
| 122|0x0000000714000000, 0x0000000714200000, 0x0000000714200000|100%| E|CS|TAMS 0x0000000714000000| PB 0x0000000714000000| Complete |  0
| 123|0x0000000714200000, 0x0000000714400000, 0x0000000714400000|100%| E|CS|TAMS 0x0000000714200000| PB 0x0000000714200000| Complete |  0
| 124|0x0000000714400000, 0x0000000714600000, 0x0000000714600000|100%| E|CS|TAMS 0x0000000714400000| PB 0x0000000714400000| Complete |  0
| 125|0x0000000714600000, 0x0000000714800000, 0x0000000714800000|100%| E|CS|TAMS 0x0000000714600000| PB 0x0000000714600000| Complete |  0
|2009|0x00000007ffe00000, 0x00000007fff24ea8, 0x0000000800000000| 57%| O|  |TAMS 0x00000007ffe00000| PB 0x00000007ffe00000| Untracked |  0

Card table byte_map: [0x0000019dd7f20000,0x0000019dd8700000] _byte_map_base: 0x0000019dd46fa000

Marking Bits: (CMBitMap*) 0x0000019dbf768450
 Bits: [0x0000019dd8700000, 0x0000019ddc5d0000)

Polling page: 0x0000019dbd570000

Metaspace:
Metaspace        used 14593K, committed 14784K, reserved 1114112K
 class space     used 1542K, committed 1664K, reserved 1048576K

Usage:
  Non-class:     12.74 MB used.
      Class:      1.51 MB used.
       Both:     14.25 MB used.

Virtual space:
  Non-class space:       64.00 MB reserved,      12.81 MB ( 20%) committed,  1 nodes.
      Class space:        1.00 GB reserved,       1.62 MB ( <1%) committed,  1 nodes.
             Both:        1.06 GB reserved,      14.44 MB (  1%) committed. 

Chunk freelists:
   Non-Class:  3.00 MB
       Class:  14.24 MB
        Both:  17.24 MB

MaxMetaspaceSize: unlimited
CompressedClassSpaceSize: 1.00 GB
Initial GC threshold: 21.00 MB
Current GC threshold: 21.00 MB
CDS: on
 - commit_granule_bytes: 65536.
 - commit_granule_words: 8192.
 - virtual_space_node_default_size: 8388608.
 - enlarge_chunks_in_place: 1.
UseCompressedClassPointers 1, UseCompactObjectHeaders 0
Narrow klass pointer bits 32, Max shift 3
Narrow klass base: 0x0000000082000000, Narrow klass shift: 0
Encoding Range: [0x0000000082000000 - 0x0000000182000000), (4294967296 bytes)
Klass Range:    [0x0000000082010000 - 0x00000000c3000000), (1090453504 bytes)
Klass ID Range:  [65536 - 1090519033) (1090453497)
Protection zone: [0x0000000082000000 - 0x0000000082010000), (65536 bytes)


Internal statistics:

num_allocs_failed_limit: 0.
num_arena_births: 122.
num_arena_deaths: 0.
num_vsnodes_births: 2.
num_vsnodes_deaths: 0.
num_space_committed: 231.
num_space_uncommitted: 0.
num_chunks_returned_to_freelist: 0.
num_chunks_taken_from_freelist: 326.
num_chunk_merges: 0.
num_chunk_splits: 232.
num_chunks_enlarged: 174.
num_inconsistent_stats: 0.

CodeHeap 'non-profiled nmethods': size=120064Kb used=697Kb max_used=697Kb free=119366Kb
 bounds [0x0000019dcfcb0000, 0x0000019dcff20000, 0x0000019dd71f0000]
CodeHeap 'profiled nmethods': size=120000Kb used=3252Kb max_used=3252Kb free=116747Kb
 bounds [0x0000019dc81f0000, 0x0000019dc8520000, 0x0000019dcf720000]
CodeHeap 'non-nmethods': size=5696Kb used=1592Kb max_used=1635Kb free=4103Kb
 bounds [0x0000019dcf720000, 0x0000019dcf990000, 0x0000019dcfcb0000]
CodeCache: size=245760Kb, used=5541Kb, max_used=5584Kb, free=240216Kb
 total_blobs=3043, nmethods=2313, adapters=634, full_count=0
Compilation: enabled, stopped_count=0, restarted_count=0

Compilation events (20 events):
Event: 581.213 Thread 0x0000019ddf106510 nmethod 2304 0x0000019dc8518308 code [0x0000019dc8518400, 0x0000019dc8518cd8]
Event: 581.213 Thread 0x0000019ddf106510 2305       3       javax.swing.text.PlainView::drawLine (10 bytes)
Event: 581.213 Thread 0x0000019ddf106510 nmethod 2305 0x0000019dc8518d08 code [0x0000019dc8518e00, 0x0000019dc8518f30]
Event: 581.213 Thread 0x0000019ddf106510 2306   !   3       javax.swing.text.PlainView::drawLineImpl (105 bytes)
Event: 581.213 Thread 0x0000019ddf106510 nmethod 2306 0x0000019dc8519008 code [0x0000019dc8519100, 0x0000019dc85198a0]
Event: 581.213 Thread 0x0000019ddf106510 2307       3       javax.swing.text.PlainView::drawElement (400 bytes)
Event: 581.215 Thread 0x0000019ddf106510 nmethod 2307 0x0000019dc8519908 code [0x0000019dc8519a00, 0x0000019dc851b270]
Event: 581.215 Thread 0x0000019ddf106510 2308       3       javax.swing.text.AbstractDocument$AbstractElement::getAttributes (2 bytes)
Event: 581.215 Thread 0x0000019ddf106510 nmethod 2308 0x0000019dc851b288 code [0x0000019dc851b380, 0x0000019dc851b488]
Event: 581.218 Thread 0x0000019ddf0ff540 nmethod 2296 0x0000019dcfd5ce88 code [0x0000019dcfd5cf80, 0x0000019dcfd5da98]
Event: 586.216 Thread 0x0000019ddf0ff540 2309       4       java.awt.Rectangle::<init> (9 bytes)
Event: 586.217 Thread 0x0000019ddf0ff540 nmethod 2309 0x0000019dcfd5db08 code [0x0000019dcfd5dc00, 0x0000019dcfd5dc88]
Event: 586.217 Thread 0x0000019ddf0ff540 2310       4       javax.swing.JComponent::getY (5 bytes)
Event: 586.217 Thread 0x0000019ddf0ff540 nmethod 2310 0x0000019dcfd5de08 code [0x0000019dcfd5df00, 0x0000019dcfd5df78]
Event: 588.439 Thread 0x0000019ddf0ff540 2311       4       java.util.concurrent.ConcurrentHashMap::addCount (280 bytes)
Event: 588.440 Thread 0x0000019ddf106510 2312   !   3       java.util.concurrent.ConcurrentHashMap::replaceNode (437 bytes)
Event: 588.442 Thread 0x0000019ddf106510 nmethod 2312 0x0000019dc851b588 code [0x0000019dc851b680, 0x0000019dc851ce80]
Event: 588.442 Thread 0x0000019ddf106510 2313       3       java.util.concurrent.ConcurrentHashMap::remove (8 bytes)
Event: 588.442 Thread 0x0000019ddf106510 nmethod 2313 0x0000019dc851ce88 code [0x0000019dc851cf80, 0x0000019dc851d150]
Event: 588.443 Thread 0x0000019ddf0ff540 nmethod 2311 0x0000019dcfd5e108 code [0x0000019dcfd5e200, 0x0000019dcfd5e428]

GC Heap Usage History (2 events):
Event: 120.457 {heap Before GC invocations=0 (full 0):
 garbage-first heap   total reserved 4116480K, committed 260096K, used 60563K [0x0000000704c00000, 0x0000000800000000)
  region size 2048K, 24 young (49152K), 0 survivors (0K)
}
Event: 120.465 {heap After GC invocations=1 (full 0):
 garbage-first heap   total reserved 4116480K, committed 260096K, used 14299K [0x0000000704c00000, 0x0000000800000000)
  region size 2048K, 2 young (4096K), 2 survivors (4096K)
}

Metaspace Usage History (2 events):
Event: 120.457 {metaspace Before GC invocations=0 (full 0):
 Metaspace       used 14493K, committed 14720K, reserved 1114112K
  class space    used 1542K, committed 1664K, reserved 1048576K
}
Event: 120.465 {metaspace After GC invocations=1 (full 0):
 Metaspace       used 14493K, committed 14720K, reserved 1114112K
  class space    used 1542K, committed 1664K, reserved 1048576K
}

Dll operation events (8 events):
Event: 0.008 Loaded shared library C:\Users\vaishnavi\AppData\Roaming\Code\User\globalStorage\pleiades.java-extension-pack-jdk\java\latest\bin\java.dll
Event: 0.043 Loaded shared library C:\Users\vaishnavi\AppData\Roaming\Code\User\globalStorage\pleiades.java-extension-pack-jdk\java\latest\bin\jimage.dll
Event: 0.045 Loaded shared library C:\Users\vaishnavi\AppData\Roaming\Code\User\globalStorage\pleiades.java-extension-pack-jdk\java\latest\bin\net.dll
Event: 0.047 Loaded shared library C:\Users\vaishnavi\AppData\Roaming\Code\User\globalStorage\pleiades.java-extension-pack-jdk\java\latest\bin\nio.dll
Event: 0.053 Loaded shared library C:\Users\vaishnavi\AppData\Roaming\Code\User\globalStorage\pleiades.java-extension-pack-jdk\java\latest\bin\zip.dll
Event: 0.059 Loaded shared library C:\Users\vaishnavi\AppData\Roaming\Code\User\globalStorage\pleiades.java-extension-pack-jdk\java\latest\bin\awt.dll
Event: 0.367 Loaded shared library C:\Users\vaishnavi\AppData\Roaming\Code\User\globalStorage\pleiades.java-extension-pack-jdk\java\latest\bin\freetype.dll
Event: 0.367 Loaded shared library C:\Users\vaishnavi\AppData\Roaming\Code\User\globalStorage\pleiades.java-extension-pack-jdk\java\latest\bin\fontmanager.dll

Deoptimization events (20 events):
Event: 15.372 Thread 0x0000019ddfd70ab0 DEOPT PACKING pc=0x0000019dc83b41be sp=0x00000080c6bfcbc0
Event: 15.372 Thread 0x0000019ddfd70ab0 DEOPT UNPACKING pc=0x0000019dcf771702 sp=0x00000080c6bfc0a0 mode 0
Event: 15.374 Thread 0x0000019ddfd70ab0 DEOPT PACKING pc=0x0000019dc83b41be sp=0x00000080c6bfcbc0
Event: 15.374 Thread 0x0000019ddfd70ab0 DEOPT UNPACKING pc=0x0000019dcf771702 sp=0x00000080c6bfc0a0 mode 0
Event: 95.395 Thread 0x0000019ddfd70ab0 Uncommon trap: trap_request=0xffffff66 fr.pc=0x0000019dcfd2c7b4 relative=0x0000000000000534
Event: 95.395 Thread 0x0000019ddfd70ab0 Uncommon trap: reason=loop_limit_check action=maybe_recompile pc=0x0000019dcfd2c7b4 method=java.awt.geom.AffineTransform.transform([DI[DII)V @ 454 c2
Event: 95.396 Thread 0x0000019ddfd70ab0 DEOPT PACKING pc=0x0000019dcfd2c7b4 sp=0x00000080c6bfcce0
Event: 95.396 Thread 0x0000019ddfd70ab0 DEOPT UNPACKING pc=0x0000019dcf841682 sp=0x00000080c6bfcc00 mode 2
Event: 120.466 Thread 0x0000019ddfd70ab0 Uncommon trap: trap_request=0xfffffff4 fr.pc=0x0000019dcfd2ac98 relative=0x0000000000000978
Event: 120.466 Thread 0x0000019ddfd70ab0 Uncommon trap: reason=null_check action=make_not_entrant pc=0x0000019dcfd2ac98 method=java.awt.GradientPaintContext.getCachedRaster(Ljava/awt/image/ColorModel;II)Ljava/awt/image/Raster; @ 19 c2
Event: 120.466 Thread 0x0000019ddfd70ab0 DEOPT PACKING pc=0x0000019dcfd2ac98 sp=0x00000080c6bfc590
Event: 120.466 Thread 0x0000019ddfd70ab0 DEOPT UNPACKING pc=0x0000019dcf841682 sp=0x00000080c6bfc4a8 mode 2
Event: 120.466 Thread 0x0000019ddfd70ab0 Uncommon trap: trap_request=0xffffff45 fr.pc=0x0000019dcfd2b130 relative=0x00000000000000b0
Event: 120.466 Thread 0x0000019ddfd70ab0 Uncommon trap: reason=unstable_if action=reinterpret pc=0x0000019dcfd2b130 method=java.lang.ref.SoftReference.get()Ljava/lang/Object; @ 17 c2
Event: 120.466 Thread 0x0000019ddfd70ab0 DEOPT PACKING pc=0x0000019dcfd2b130 sp=0x00000080c6bfcb30
Event: 120.466 Thread 0x0000019ddfd70ab0 DEOPT UNPACKING pc=0x0000019dcf841682 sp=0x00000080c6bfcac0 mode 2
Event: 120.466 Thread 0x0000019ddfd70ab0 Uncommon trap: trap_request=0xffffff45 fr.pc=0x0000019dcfcf0fd8 relative=0x0000000000000058
Event: 120.466 Thread 0x0000019ddfd70ab0 Uncommon trap: reason=unstable_if action=reinterpret pc=0x0000019dcfcf0fd8 method=java.lang.ref.ReferenceQueue.poll()Ljava/lang/ref/Reference; @ 4 c2
Event: 120.466 Thread 0x0000019ddfd70ab0 DEOPT PACKING pc=0x0000019dcfcf0fd8 sp=0x00000080c6bfc750
Event: 120.466 Thread 0x0000019ddfd70ab0 DEOPT UNPACKING pc=0x0000019dcf841682 sp=0x00000080c6bfc6c8 mode 2

Classes loaded (20 events):
Event: 0.471 Loading class java/awt/TextComponent
Event: 0.472 Loading class java/awt/TextComponent done
Event: 1.488 Loading class java/awt/event/MouseEvent$1
Event: 1.488 Loading class sun/awt/AWTAccessor$MouseEventAccessor
Event: 1.488 Loading class sun/awt/AWTAccessor$MouseEventAccessor done
Event: 1.488 Loading class java/awt/event/MouseEvent$1 done
Event: 1.488 Loading class java/awt/Cursor$CursorDisposer
Event: 1.488 Loading class java/awt/Cursor$CursorDisposer done
Event: 1.489 Loading class java/awt/Container$MouseEventTargetFilter
Event: 1.489 Loading class java/awt/Container$EventTargetFilter
Event: 1.489 Loading class java/awt/Container$EventTargetFilter done
Event: 1.489 Loading class java/awt/Container$MouseEventTargetFilter done
Event: 1.489 Loading class java/awt/event/AWTEventListenerProxy
Event: 1.489 Loading class java/awt/event/AWTEventListenerProxy done
Event: 1.489 Loading class java/awt/Toolkit$SelectiveAWTEventListener
Event: 1.489 Loading class java/awt/Toolkit$SelectiveAWTEventListener done
Event: 1.489 Loading class java/awt/Toolkit$ToolkitEventMulticaster
Event: 1.489 Loading class java/awt/Toolkit$ToolkitEventMulticaster done
Event: 1.955 Loading class java/awt/event/MouseWheelEvent
Event: 1.955 Loading class java/awt/event/MouseWheelEvent done

Classes unloaded (0 events):
No events

Classes redefined (0 events):
No events

Internal exceptions (20 events):
Event: 0.210 Thread 0x0000019dbd34f780 Exception <a 'sun/nio/fs/WindowsException'{0x0000000713c41088}> (0x0000000713c41088) 
thrown [s\src\hotspot\share\prims\jni.cpp, line 516]
Event: 0.211 Thread 0x0000019dbd34f780 Exception <a 'sun/nio/fs/WindowsException'{0x0000000713c5be20}> (0x0000000713c5be20) 
thrown [s\src\hotspot\share\prims\jni.cpp, line 516]
Event: 0.212 Thread 0x0000019dbd34f780 Exception <a 'sun/nio/fs/WindowsException'{0x0000000713c5c608}> (0x0000000713c5c608) 
thrown [s\src\hotspot\share\prims\jni.cpp, line 516]
Event: 0.212 Thread 0x0000019dbd34f780 Exception <a 'java/lang/NoSuchMethodError'{0x0000000713c5e448}: 'void java.lang.invoke.DirectMethodHandle$Holder.invokeStatic(java.lang.Object, java.lang.Object, java.lang.Object, java.lang.Object)'> (0x0000000713c5e448) 
thrown [s\src\hotspot\share\interpreter\linkResolver.cpp, line 804]
Event: 0.228 Thread 0x0000019dbd34f780 Exception <a 'java/lang/NoSuchMethodError'{0x0000000713d62fb0}: 'void java.lang.invoke.DirectMethodHandle$Holder.invokeStaticInit(java.lang.Object, java.lang.Object, java.lang.Object, java.lang.Object, java.lang.Object)'> (0x0000000713d62fb0) 
thrown [s\src\hotspot\share\interpreter\linkResolver.cpp, line 804]
Event: 0.317 Thread 0x0000019dbd34f780 Exception <a 'java/lang/NoSuchMethodError'{0x00000007135ae0c0}: 'void java.lang.invoke.DirectMethodHandle$Holder.invokeSpecial(java.lang.Object, java.lang.Object, long)'> (0x00000007135ae0c0) 
thrown [s\src\hotspot\share\interpreter\linkResolver.cpp, line 804]
Event: 0.324 Thread 0x0000019dbd34f780 Exception <a 'java/lang/NoSuchMethodError'{0x000000071320a190}: 'java.lang.Object java.lang.invoke.DirectMethodHandle$Holder.newInvokeSpecial(java.lang.Object, java.lang.Object, int, java.lang.Object, long)'> (0x000000071320a190) 
thrown [s\src\hotspot\share\interpreter\linkResolver.cpp, line 804]
Event: 0.329 Thread 0x0000019dbd34f780 Exception <a 'java/lang/NoSuchMethodError'{0x000000071322ada0}: 'java.lang.Object java.lang.invoke.DirectMethodHandle$Holder.newInvokeSpecial(java.lang.Object, java.lang.Object, int)'> (0x000000071322ada0) 
thrown [s\src\hotspot\share\interpreter\linkResolver.cpp, line 804]
Event: 0.333 Thread 0x0000019dbd34f780 Exception <a 'java/lang/NoSuchMethodError'{0x000000071324acc0}: 'java.lang.Object java.lang.invoke.DirectMethodHandle$Holder.newInvokeSpecial(java.lang.Object, java.lang.Object, int, long)'> (0x000000071324acc0) 
thrown [s\src\hotspot\share\interpreter\linkResolver.cpp, line 804]
Event: 0.356 Thread 0x0000019ddf6717e0 Exception <a 'java/lang/NoSuchMethodError'{0x00000007131ebb08}: 'void java.lang.invoke.DirectMethodHandle$Holder.invokeVirtual(java.lang.Object, java.lang.Object)'> (0x00000007131ebb08) 
thrown [s\src\hotspot\share\interpreter\linkResolver.cpp, line 804]
Event: 0.363 Thread 0x0000019dbd34f780 Exception <a 'java/lang/NoSuchMethodError'{0x00000007132db460}: 'void java.lang.invoke.DirectMethodHandle$Holder.invokeStaticInit(java.lang.Object)'> (0x00000007132db460) 
thrown [s\src\hotspot\share\interpreter\linkResolver.cpp, line 804]
Event: 0.372 Thread 0x0000019dbd34f780 Exception <a 'java/lang/NoSuchMethodError'{0x0000000712e1da48}: 'long java.lang.invoke.DirectMethodHandle$Holder.invokeStaticInit(java.lang.Object, long, long, long, long)'> (0x0000000712e1da48) 
thrown [s\src\hotspot\share\interpreter\linkResolver.cpp, line 804]
Event: 0.372 Thread 0x0000019dbd34f780 Exception <a 'java/lang/NoSuchMethodError'{0x0000000712e26618}: 'java.lang.Object java.lang.invoke.DirectMethodHandle$Holder.invokeInterface(java.lang.Object, java.lang.Object, long, long)'> (0x0000000712e26618) 
thrown [s\src\hotspot\share\interpreter\linkResolver.cpp, line 804]
Event: 0.373 Thread 0x0000019dbd34f780 Exception <a 'java/lang/NoSuchMethodError'{0x0000000712e3eeb0}: 'void java.lang.invoke.DirectMethodHandle$Holder.invokeStaticInit(java.lang.Object, java.lang.Object, long, java.lang.Object)'> (0x0000000712e3eeb0) 
thrown [s\src\hotspot\share\interpreter\linkResolver.cpp, line 804]
Event: 0.373 Thread 0x0000019dbd34f780 Exception <a 'java/lang/NoSuchMethodError'{0x0000000712e47ae8}: 'long java.lang.invoke.DirectMethodHandle$Holder.invokeStatic(java.lang.Object, long, long)'> (0x0000000712e47ae8) 
thrown [s\src\hotspot\share\interpreter\linkResolver.cpp, line 804]
Event: 0.374 Thread 0x0000019dbd34f780 Exception <a 'java/lang/NoSuchMethodError'{0x0000000712e69e20}: 'java.lang.Object java.lang.invoke.DirectMethodHandle$Holder.newInvokeSpecial(java.lang.Object, int, java.lang.Object)'> (0x0000000712e69e20) 
thrown [s\src\hotspot\share\interpreter\linkResolver.cpp, line 804]
Event: 0.407 Thread 0x0000019dbd34f780 Exception <a 'java/lang/NoSuchMethodError'{0x0000000712ef9258}: 'void java.lang.invoke.DelegatingMethodHandle$Holder.reinvoke_L(java.lang.Object, java.lang.Object, java.lang.Object, long, float)'> (0x0000000712ef9258) 
thrown [s\src\hotspot\share\interpreter\linkResolver.cpp, line 804]
Event: 0.409 Thread 0x0000019dbd34f780 Exception <a 'java/lang/NoSuchMethodError'{0x0000000712f118a0}: 'java.lang.Object java.lang.invoke.DirectMethodHandle$Holder.invokeStatic(java.lang.Object, java.lang.Object, java.lang.Object, java.lang.Object, long)'> (0x0000000712f118a0) 
thrown [s\src\hotspot\share\interpreter\linkResolver.cpp, line 804]
Event: 0.410 Thread 0x0000019dbd34f780 Exception <a 'java/lang/NoSuchMethodError'{0x0000000712f33b88}: 'float java.lang.invoke.DelegatingMethodHandle$Holder.reinvoke_L(java.lang.Object, java.lang.Object, java.lang.Object, long)'> (0x0000000712f33b88) 
thrown [s\src\hotspot\share\interpreter\linkResolver.cpp, line 804]
Event: 120.466 Thread 0x0000019ddfd70ab0 Implicit null exception at 0x0000019dcfd2a455 to 0x0000019dcfd2ac80

VM Operations (20 events):
Event: 300.701 Executing non-safepoint VM operation: HandshakeAllThreads (HandshakeForDeflation)
Event: 300.701 Executing non-safepoint VM operation: HandshakeAllThreads (HandshakeForDeflation) done
Event: 300.701 Executing non-safepoint VM operation: RendezvousGCThreads
Event: 300.701 Executing non-safepoint VM operation: RendezvousGCThreads done
Event: 360.860 Executing non-safepoint VM operation: HandshakeAllThreads (HandshakeForDeflation)
Event: 360.860 Executing non-safepoint VM operation: HandshakeAllThreads (HandshakeForDeflation) done
Event: 360.860 Executing non-safepoint VM operation: RendezvousGCThreads
Event: 360.860 Executing non-safepoint VM operation: RendezvousGCThreads done
Event: 421.054 Executing non-safepoint VM operation: HandshakeAllThreads (HandshakeForDeflation)
Event: 421.054 Executing non-safepoint VM operation: HandshakeAllThreads (HandshakeForDeflation) done
Event: 421.054 Executing non-safepoint VM operation: RendezvousGCThreads
Event: 421.054 Executing non-safepoint VM operation: RendezvousGCThreads done
Event: 481.184 Executing non-safepoint VM operation: HandshakeAllThreads (HandshakeForDeflation)
Event: 481.184 Executing non-safepoint VM operation: HandshakeAllThreads (HandshakeForDeflation) done
Event: 481.184 Executing non-safepoint VM operation: RendezvousGCThreads
Event: 481.184 Executing non-safepoint VM operation: RendezvousGCThreads done
Event: 541.224 Executing non-safepoint VM operation: HandshakeAllThreads (HandshakeForDeflation)
Event: 541.224 Executing non-safepoint VM operation: HandshakeAllThreads (HandshakeForDeflation) done
Event: 541.225 Executing non-safepoint VM operation: RendezvousGCThreads
Event: 541.225 Executing non-safepoint VM operation: RendezvousGCThreads done

Memory protections (0 events):
No events

Nmethod flushes (0 events):
No events

Events (20 events):
Event: 0.027 Thread 0x0000019dbd34f780 Thread added: 0x0000019ddf0ff540
Event: 0.027 Thread 0x0000019dbd34f780 Thread added: 0x0000019ddf106510
Event: 0.029 Thread 0x0000019dbd34f780 Thread added: 0x0000019ddf16dd30
Event: 0.030 Thread 0x0000019dbd34f780 Thread added: 0x0000019ddf2db420
Event: 0.088 Thread 0x0000019dbd34f780 Thread added: 0x0000019ddf43b910
Event: 0.088 Thread 0x0000019dbd34f780 Thread added: 0x0000019ddf43c0d0
Event: 0.089 Thread 0x0000019dbd34f780 Thread added: 0x0000019ddf6717e0
Event: 0.248 Thread 0x0000019ddf106510 Thread added: 0x0000019ddf2ecee0
Event: 0.318 Thread 0x0000019dbd34f780 Thread added: 0x0000019ddfce1690
Event: 0.325 Thread 0x0000019dbd34f780 Thread added: 0x0000019ddfce2a40
Event: 0.327 Thread 0x0000019ddfce2a40 Thread added: 0x0000019ddfd56750
Event: 0.328 Thread 0x0000019ddfce1690 Thread exited: 0x0000019ddfce1690
Event: 0.328 Thread 0x0000019ddfce2a40 Thread exited: 0x0000019ddfce2a40
Event: 0.328 Thread 0x0000019ddfd56750 Thread exited: 0x0000019ddfd56750
Event: 0.351 Thread 0x0000019dbd34f780 Thread added: 0x0000019ddfd69580
Event: 0.356 Thread 0x0000019ddf6717e0 Thread added: 0x0000019ddfd70ab0
Event: 0.441 Thread 0x0000019dbd34f780 Thread exited: 0x0000019dbd34f780
Event: 0.441 Thread 0x0000019dbd34f780 Thread added: 0x0000019dbd34f780
Event: 0.471 Thread 0x0000019ddfd70ab0 Thread added: 0x0000019ddfe7fdd0
Event: 0.973 Thread 0x0000019ddf2ecee0 Thread exited: 0x0000019ddf2ecee0


Dynamic libraries:
0x00007ff600da0000 - 0x00007ff600dae000 	C:\Users\vaishnavi\AppData\Roaming\Code\User\globalStorage\pleiades.java-extension-pack-jdk\java\latest\bin\java.exe
0x00007ff98b700000 - 0x00007ff98b968000 	C:\Windows\SYSTEM32\ntdll.dll
0x00007ff989c20000 - 0x00007ff989ce9000 	C:\Windows\System32\KERNEL32.DLL
0x00007ff988c90000 - 0x00007ff989081000 	C:\Windows\System32\KERNELBASE.dll
0x00007ff987fe0000 - 0x00007ff98812b000 	C:\Windows\System32\ucrtbase.dll
0x00007ff973d00000 - 0x00007ff973d1e000 	C:\Users\vaishnavi\AppData\Roaming\Code\User\globalStorage\pleiades.java-extension-pack-jdk\java\latest\bin\VCRUNTIME140.dll
0x00007ff973ca0000 - 0x00007ff973cb6000 	C:\Users\vaishnavi\AppData\Roaming\Code\User\globalStorage\pleiades.java-extension-pack-jdk\java\latest\bin\jli.dll
0x00007ff989860000 - 0x00007ff989a26000 	C:\Windows\System32\USER32.dll
0x00007ff989250000 - 0x00007ff989277000 	C:\Windows\System32\win32u.dll
0x00007ff98a8d0000 - 0x00007ff98a8fb000 	C:\Windows\System32\GDI32.dll
0x00007ff96b860000 - 0x00007ff96baf3000 	C:\Windows\WinSxS\amd64_microsoft.windows.common-controls_6595b64144ccf1df_6.0.26100.7824_none_3e0870b2e3345462\COMCTL32.dll
0x00007ff989090000 - 0x00007ff9891bb000 	C:\Windows\System32\gdi32full.dll
0x00007ff989d80000 - 0x00007ff989e29000 	C:\Windows\System32\msvcrt.dll
0x00007ff989280000 - 0x00007ff989323000 	C:\Windows\System32\msvcp_win.dll
0x00007ff989620000 - 0x00007ff989651000 	C:\Windows\System32\IMM32.DLL
0x00007ff984f00000 - 0x00007ff984f0c000 	C:\Users\vaishnavi\AppData\Roaming\Code\User\globalStorage\pleiades.java-extension-pack-jdk\java\latest\bin\vcruntime140_1.dll
0x00007ff9690f0000 - 0x00007ff96917d000 	C:\Users\vaishnavi\AppData\Roaming\Code\User\globalStorage\pleiades.java-extension-pack-jdk\java\latest\bin\msvcp140.dll
0x00007ff923540000 - 0x00007ff924466000 	C:\Users\vaishnavi\AppData\Roaming\Code\User\globalStorage\pleiades.java-extension-pack-jdk\java\latest\bin\server\jvm.dll
0x00007ff98b600000 - 0x00007ff98b6b4000 	C:\Windows\System32\ADVAPI32.dll
0x00007ff989e30000 - 0x00007ff989ed6000 	C:\Windows\System32\sechost.dll
0x00007ff9896d0000 - 0x00007ff9897e8000 	C:\Windows\System32\RPCRT4.dll
0x00007ff989a30000 - 0x00007ff989aa4000 	C:\Windows\System32\WS2_32.dll
0x00007ff987e40000 - 0x00007ff987e9e000 	C:\Windows\SYSTEM32\POWRPROF.dll
0x00007ff97e9e0000 - 0x00007ff97ea15000 	C:\Windows\SYSTEM32\WINMM.dll
0x00007ff97e950000 - 0x00007ff97e95b000 	C:\Windows\SYSTEM32\VERSION.dll
0x00007ff987e20000 - 0x00007ff987e34000 	C:\Windows\SYSTEM32\UMPDC.dll
0x00007ff986d80000 - 0x00007ff986d9b000 	C:\Windows\SYSTEM32\kernel.appcore.dll
0x00007ff97c5e0000 - 0x00007ff97c5ea000 	C:\Users\vaishnavi\AppData\Roaming\Code\User\globalStorage\pleiades.java-extension-pack-jdk\java\latest\bin\jimage.dll
0x00007ff985f60000 - 0x00007ff9861a2000 	C:\Windows\SYSTEM32\DBGHELP.DLL
0x00007ff98b270000 - 0x00007ff98b5f6000 	C:\Windows\System32\combase.dll
0x00007ff98a690000 - 0x00007ff98a767000 	C:\Windows\System32\OLEAUT32.dll
0x00007ff96d310000 - 0x00007ff96d34b000 	C:\Windows\SYSTEM32\dbgcore.DLL
0x00007ff988a60000 - 0x00007ff988b05000 	C:\Windows\System32\bcryptPrimitives.dll
0x00007ff973c80000 - 0x00007ff973c9e000 	C:\Users\vaishnavi\AppData\Roaming\Code\User\globalStorage\pleiades.java-extension-pack-jdk\java\latest\bin\java.dll
0x00007ff989f60000 - 0x00007ff98a0f7000 	C:\Windows\System32\ole32.dll
0x00007ff98ab00000 - 0x00007ff98b252000 	C:\Windows\System32\SHELL32.dll
0x00007ff989330000 - 0x00007ff98949a000 	C:\Windows\System32\wintypes.dll
0x00007ff9881f0000 - 0x00007ff988a53000 	C:\Windows\System32\windows.storage.dll
0x00007ff98a100000 - 0x00007ff98a1f6000 	C:\Windows\System32\SHCORE.dll
0x00007ff9897f0000 - 0x00007ff989857000 	C:\Windows\System32\shlwapi.dll
0x00007ff987f00000 - 0x00007ff987f29000 	C:\Windows\SYSTEM32\profapi.dll
0x00007ff973c60000 - 0x00007ff973c71000 	C:\Users\vaishnavi\AppData\Roaming\Code\User\globalStorage\pleiades.java-extension-pack-jdk\java\latest\bin\net.dll
0x00007ff9872f0000 - 0x00007ff98735b000 	C:\Windows\system32\mswsock.dll
0x00007ff973c10000 - 0x00007ff973c26000 	C:\Users\vaishnavi\AppData\Roaming\Code\User\globalStorage\pleiades.java-extension-pack-jdk\java\latest\bin\nio.dll
0x00007ff973150000 - 0x00007ff973167000 	C:\Users\vaishnavi\AppData\Roaming\Code\User\globalStorage\pleiades.java-extension-pack-jdk\java\latest\bin\zip.dll
0x00007ff94e660000 - 0x00007ff94e7e0000 	C:\Users\vaishnavi\AppData\Roaming\Code\User\globalStorage\pleiades.java-extension-pack-jdk\java\latest\bin\awt.dll
0x00007ff9850c0000 - 0x00007ff98515e000 	C:\Windows\SYSTEM32\apphelp.dll
0x00007ff9856f0000 - 0x00007ff985721000 	C:\Windows\system32\DWMAPI.DLL
0x00007ff9853d0000 - 0x00007ff98547b000 	C:\Windows\system32\uxtheme.dll
0x00007ff927280000 - 0x00007ff927390000 	C:\Windows\system32\opengl32.dll
0x00007ff973120000 - 0x00007ff97314d000 	C:\Windows\SYSTEM32\GLU32.dll
0x00007ff985740000 - 0x00007ff985784000 	C:\Windows\SYSTEM32\dxcore.dll
0x00007ff989ab0000 - 0x00007ff989c0f000 	C:\Windows\System32\MSCTF.dll
0x00007ff945ef0000 - 0x00007ff945f77000 	C:\Users\vaishnavi\AppData\Roaming\Code\User\globalStorage\pleiades.java-extension-pack-jdk\java\latest\bin\freetype.dll
0x00007ff93c020000 - 0x00007ff93c10f000 	C:\Users\vaishnavi\AppData\Roaming\Code\User\globalStorage\pleiades.java-extension-pack-jdk\java\latest\bin\fontmanager.dll
0x00007ff989560000 - 0x00007ff989610000 	C:\Windows\System32\clbcatq.dll
0x00007ff981020000 - 0x00007ff98124f000 	C:\Windows\SYSTEM32\WindowsCodecs.dll
0x00007ff960580000 - 0x00007ff9605da000 	C:\Windows\system32\dataexchange.dll
0x00007ff974500000 - 0x00007ff974744000 	C:\Windows\system32\twinapi.appcore.dll
0x00007ff965560000 - 0x00007ff9656a9000 	C:\Windows\SYSTEM32\textinputframework.dll
0x00007ff9826b0000 - 0x00007ff9827d7000 	C:\Windows\SYSTEM32\CoreMessaging.dll
0x00007ff97eed0000 - 0x00007ff97f1b2000 	C:\Windows\SYSTEM32\CoreUIComponents.dll
0x00007ff9875e0000 - 0x00007ff9875ec000 	C:\Windows\SYSTEM32\CRYPTBASE.DLL

JVMTI agents: none

dbghelp: loaded successfully - version: 4.0.5 - missing functions: none
symbol engine: initialized successfully - sym options: 0x614 - pdb path: .;C:\Users\vaishnavi\AppData\Roaming\Code\User\globalStorage\pleiades.java-extension-pack-jdk\java\latest\bin;C:\Windows\SYSTEM32;C:\Windows\WinSxS\amd64_microsoft.windows.common-controls_6595b64144ccf1df_6.0.26100.7824_none_3e0870b2e3345462;C:\Users\vaishnavi\AppData\Roaming\Code\User\globalStorage\pleiades.java-extension-pack-jdk\java\latest\bin\server

VM Arguments:
jvm_args: -Dstdout.encoding=UTF-8 -Dstderr.encoding=UTF-8 
java_command: SmartParkGUI
java_class_path (initial): .;lib/h2-2.4.240.jar
Launcher Type: SUN_STANDARD

[Global flags]
     intx CICompilerCount                          = 4                                         {product} {ergonomic}
     uint ConcGCThreads                            = 3                                         {product} {ergonomic}
     uint G1ConcRefinementThreads                  = 10                                        {product} {ergonomic}
   size_t G1HeapRegionSize                         = 2097152                                   {product} {ergonomic}
   size_t InitialHeapSize                          = 264241152                                 {product} {ergonomic}
   size_t MarkStackSize                            = 4194304                                   {product} {ergonomic}
   size_t MarkStackSizeMax                         = 536870912                                 {product} {ergonomic}
   size_t MaxHeapSize                              = 4215275520                                {product} {ergonomic}
   size_t MaxNewSize                               = 2529165312                                {product} {ergonomic}
   size_t MinHeapDeltaBytes                        = 2097152                                   {product} {ergonomic}
   size_t MinHeapSize                              = 8388608                                   {product} {ergonomic}
    uintx NonNMethodCodeHeapSize                   = 5832704                                {pd product} {ergonomic}
    uintx NonProfiledCodeHeapSize                  = 122945536                              {pd product} {ergonomic}
    uintx ProfiledCodeHeapSize                     = 122880000                              {pd product} {ergonomic}
    uintx ReservedCodeCacheSize                    = 251658240                              {pd product} {ergonomic}
     bool SegmentedCodeCache                       = true                                      {product} {ergonomic}
   size_t SoftMaxHeapSize                          = 4215275520                             {manageable} {ergonomic}
     bool UseCompressedOops                        = true                           {product lp64_product} {ergonomic}
     bool UseG1GC                                  = true                                      {product} {ergonomic}
     bool UseLargePagesIndividualAllocation        = false                                  {pd product} {ergonomic}

Logging:
Log output configuration:
 #0: stdout all=warning uptime,level,tags foldmultilines=false
 #1: stderr all=off uptime,level,tags foldmultilines=false

Release file:
IMPLEMENTOR="Eclipse Adoptium" 
IMPLEMENTOR_VERSION="Temurin-25.0.2+10" 
JAVA_RUNTIME_VERSION="25.0.2+10-LTS" 
JAVA_VERSION="25.0.2" 
JAVA_VERSION_DATE="2026-01-20" 
LIBC="default" 
MODULES="java.base java.compiler java.datatransfer java.xml java.prefs java.desktop java.instrument java.logging java.management java.security.sasl java.naming java.rmi java.management.rmi java.net.http java.scripting java.security.jgss java.transaction.xa java.sql java.sql.rowset java.xml.crypto java.se java.smartcardio jdk.accessibility jdk.internal.jvmstat jdk.attach jdk.charsets jdk.internal.opt jdk.zipfs jdk.compiler jdk.crypto.cryptoki jdk.crypto.ec jdk.crypto.mscapi jdk.dynalink jdk.internal.ed jdk.editpad jdk.internal.vm.ci jdk.graal.compiler jdk.graal.compiler.management jdk.hotspot.agent jdk.httpserver jdk.incubator.vector jdk.internal.le jdk.internal.md jdk.jartool jdk.javadoc jdk.jcmd jdk.management jdk.management.agent jdk.jconsole jdk.jdeps jdk.jdwp.agent jdk.jdi jdk.jfr jdk.jlink jdk.jpackage jdk.jshell jdk.jsobject jdk.jstatd jdk.localedata jdk.management.jfr jdk.naming.dns jdk.naming.rmi jdk.net jdk.nio.mapmode jdk.sctp jdk.security.auth jdk.security.jgss jdk.unsupported jdk.unsupported.desktop jdk.xml.dom" 
OS_ARCH="x86_64" 
OS_NAME="Windows" 
SOURCE=".:git:9e3c947043a4" 
BUILD_SOURCE="git:458965074606f027bd5afce2cfd5c1055dea0438"
BUILD_SOURCE_REPO="https://github.com/adoptium/temurin-build.git"
SOURCE_REPO="https://github.com/adoptium/jdk25u.git"
FULL_VERSION="25.0.2+10-LTS"
SEMANTIC_VERSION="25.0.2+10"
BUILD_INFO="OS: Windows Server 2022 Version: 10.0"
JVM_VARIANT="Hotspot"
JVM_VERSION="25.0.2+10-LTS"
IMAGE_TYPE="JDK"

Environment Variables:
JAVA_HOME=C:\Users\vaishnavi\AppData\Roaming\Code\User\globalStorage\pleiades.java-extension-pack-jdk\java\latest
JAVA_TOOL_OPTIONS=-Dstdout.encoding=UTF-8 -Dstderr.encoding=UTF-8
PATH=C:\Users\vaishnavi\AppData\Roaming\Code\User\globalStorage\pleiades.java-extension-pack-jdk\gradle\latest\bin;C:\Users\vaishnavi\AppData\Roaming\Code\User\globalStorage\pleiades.java-extension-pack-jdk\maven\latest\bin;C:\Users\vaishnavi\AppData\Roaming\Code\User\globalStorage\pleiades.java-extension-pack-jdk\java\latest\bin;C:\Program Files\Common Files\Oracle\Java\javapath;C:\Windows\system32;C:\Windows;C:\Windows\System32\Wbem;C:\Windows\System32\WindowsPowerShell\v1.0\;C:\Windows\System32\OpenSSH\;C:\Users\vaishnavi\AppData\Local\Microsoft\WindowsApps;C:\Users\vaishnavi\AppData\Local\Programs\Microsoft VS Code\bin;c:\Users\vaishnavi\.vscode\extensions\vscjava.vscode-java-debug-0.58.5\bundled\scripts\noConfigScripts
USERNAME=vaishnavi
LANG=en_US.UTF-8
OS=Windows_NT
PROCESSOR_IDENTIFIER=Intel64 Family 6 Model 154 Stepping 3, GenuineIntel
TMP=C:\Users\VAISHN~1\AppData\Local\Temp
TEMP=C:\Users\VAISHN~1\AppData\Local\Temp




Compilation memory statistics disabled.

Periodic native trim disabled

---------------  S Y S T E M  ---------------

OS:
 Windows 11 , 64 bit Build 26100 (10.0.26100.7705)
OS uptime: 0 days 16:21 hours
Hyper-V role detected

CPU: total 12 (initial active 12) (6 cores per cpu, 2 threads per core) family 6 model 154 stepping 3 microcode 0x437, cx8, cmov, fxsr, ht, mmx, 3dnowpref, sse, sse2, sse3, ssse3, sse4.1, sse4.2, popcnt, lzcnt, tsc, tscinvbit, avx, avx2, aes, erms, clmul, bmi1, bmi2, adx, sha, fma, vzeroupper, clflush, clflushopt, clwb, hv, serialize, rdtscp, rdpid, fsrm, gfni, f16c, cet_ibt, cet_ss
Processor Information for processor 0
  Max Mhz: 2000, Current Mhz: 2000, Mhz Limit: 2000
Processor Information for processor 1
  Max Mhz: 2000, Current Mhz: 2000, Mhz Limit: 2000
Processor Information for processor 2
  Max Mhz: 2000, Current Mhz: 2000, Mhz Limit: 2000
Processor Information for processor 3
  Max Mhz: 2000, Current Mhz: 2000, Mhz Limit: 2000
Processor Information for processor 4
  Max Mhz: 2000, Current Mhz: 2000, Mhz Limit: 2000
Processor Information for processor 5
  Max Mhz: 2000, Current Mhz: 2000, Mhz Limit: 2000
Processor Information for processor 6
  Max Mhz: 2000, Current Mhz: 2000, Mhz Limit: 2000
Processor Information for processor 7
  Max Mhz: 2000, Current Mhz: 2000, Mhz Limit: 2000
Processor Information for processor 8
  Max Mhz: 2000, Current Mhz: 1500, Mhz Limit: 1500
Processor Information for processor 9
  Max Mhz: 2000, Current Mhz: 1500, Mhz Limit: 1500
Processor Information for processor 10
  Max Mhz: 2000, Current Mhz: 1500, Mhz Limit: 1500
Processor Information for processor 11
  Max Mhz: 2000, Current Mhz: 1500, Mhz Limit: 1500

Memory: 4k page, system-wide physical 16076M (5976M free)
TotalPageFile size 19276M (AvailPageFile size 6478M)
current process WorkingSet (physical memory assigned to process): 172M, peak: 172M
current process commit charge ("private bytes"): 375M, peak: 380M

vm_info: OpenJDK 64-Bit Server VM (25.0.2+10-LTS) for windows-amd64 JRE (25.0.2+10-LTS), built on 2026-01-20T00:00:00Z with MS VC++ 17.12 (VS2022)

END.
